[0.071s] DEBUG:colcon:Command line arguments: ['/usr/bin/colcon', 'build', '--symlink-install']
[0.071s] DEBUG:colcon:Parsed command line arguments: Namespace(log_base=None, log_level=None, verb_name='build', build_base='build', install_base='install', merge_install=False, symlink_install=True, test_result_base=None, continue_on_error=False, executor='parallel', parallel_workers=16, event_handlers=None, ignore_user_meta=False, metas=['./colcon.meta'], base_paths=['.'], packages_ignore=None, packages_ignore_regex=None, paths=None, packages_up_to=None, packages_up_to_regex=None, packages_above=None, packages_above_and_dependencies=None, packages_above_depth=None, packages_select_by_dep=None, packages_skip_by_dep=None, packages_skip_up_to=None, packages_select_build_failed=False, packages_skip_build_finished=False, packages_select_test_failures=False, packages_skip_test_passed=False, packages_select=None, packages_skip=None, packages_select_regex=None, packages_skip_regex=None, packages_start=None, packages_end=None, allow_overriding=[], cmake_args=None, cmake_target=None, cmake_target_skip_unavailable=False, cmake_clean_cache=False, cmake_clean_first=False, cmake_force_configure=False, ament_cmake_args=None, catkin_cmake_args=None, catkin_skip_building_tests=False, verb_parser=<colcon_defaults.argument_parser.defaults.DefaultArgumentsDecorator object at 0x7782a844a320>, verb_extension=<colcon_core.verb.build.BuildVerb object at 0x7782a8553730>, main=<bound method BuildVerb.main of <colcon_core.verb.build.BuildVerb object at 0x7782a8553730>>)
[0.188s] Level 1:colcon.colcon_core.package_discovery:discover_packages(colcon_meta) check parameters
[0.188s] Level 1:colcon.colcon_core.package_discovery:discover_packages(recursive) check parameters
[0.188s] Level 1:colcon.colcon_core.package_discovery:discover_packages(ignore) check parameters
[0.188s] Level 1:colcon.colcon_core.package_discovery:discover_packages(path) check parameters
[0.188s] Level 1:colcon.colcon_core.package_discovery:discover_packages(colcon_meta) discover
[0.188s] Level 1:colcon.colcon_core.package_discovery:discover_packages(recursive) discover
[0.188s] INFO:colcon.colcon_core.package_discovery:Crawling recursively for packages in '/home/gary/HW_robotics_ws'
[0.188s] Level 1:colcon.colcon_core.package_identification:_identify(.) by extensions ['ignore', 'ignore_ament_install']
[0.188s] Level 1:colcon.colcon_core.package_identification:_identify(.) by extension 'ignore'
[0.188s] Level 1:colcon.colcon_core.package_identification:_identify(.) by extension 'ignore_ament_install'
[0.188s] Level 1:colcon.colcon_core.package_identification:_identify(.) by extensions ['colcon_pkg']
[0.188s] Level 1:colcon.colcon_core.package_identification:_identify(.) by extension 'colcon_pkg'
[0.188s] Level 1:colcon.colcon_core.package_identification:_identify(.) by extensions ['colcon_meta']
[0.188s] Level 1:colcon.colcon_core.package_identification:_identify(.) by extension 'colcon_meta'
[0.188s] Level 1:colcon.colcon_core.package_identification:_identify(.) by extensions ['ros']
[0.188s] Level 1:colcon.colcon_core.package_identification:_identify(.) by extension 'ros'
[0.195s] Level 1:colcon.colcon_core.package_identification:_identify(.) by extensions ['cmake', 'python']
[0.195s] Level 1:colcon.colcon_core.package_identification:_identify(.) by extension 'cmake'
[0.195s] Level 1:colcon.colcon_core.package_identification:_identify(.) by extension 'python'
[0.195s] Level 1:colcon.colcon_core.package_identification:_identify(.) by extensions ['python_setup_py']
[0.195s] Level 1:colcon.colcon_core.package_identification:_identify(.) by extension 'python_setup_py'
[0.195s] Level 1:colcon.colcon_core.package_identification:_identify(build) by extensions ['ignore', 'ignore_ament_install']
[0.195s] Level 1:colcon.colcon_core.package_identification:_identify(build) by extension 'ignore'
[0.195s] Level 1:colcon.colcon_core.package_identification:_identify(build) ignored
[0.195s] Level 1:colcon.colcon_core.package_identification:_identify(install) by extensions ['ignore', 'ignore_ament_install']
[0.195s] Level 1:colcon.colcon_core.package_identification:_identify(install) by extension 'ignore'
[0.196s] Level 1:colcon.colcon_core.package_identification:_identify(install) ignored
[0.196s] Level 1:colcon.colcon_core.package_identification:_identify(log) by extensions ['ignore', 'ignore_ament_install']
[0.196s] Level 1:colcon.colcon_core.package_identification:_identify(log) by extension 'ignore'
[0.196s] Level 1:colcon.colcon_core.package_identification:_identify(log) ignored
[0.196s] Level 1:colcon.colcon_core.package_identification:_identify(src) by extensions ['ignore', 'ignore_ament_install']
[0.196s] Level 1:colcon.colcon_core.package_identification:_identify(src) by extension 'ignore'
[0.196s] Level 1:colcon.colcon_core.package_identification:_identify(src) by extension 'ignore_ament_install'
[0.196s] Level 1:colcon.colcon_core.package_identification:_identify(src) by extensions ['colcon_pkg']
[0.196s] Level 1:colcon.colcon_core.package_identification:_identify(src) by extension 'colcon_pkg'
[0.196s] Level 1:colcon.colcon_core.package_identification:_identify(src) by extensions ['colcon_meta']
[0.196s] Level 1:colcon.colcon_core.package_identification:_identify(src) by extension 'colcon_meta'
[0.196s] Level 1:colcon.colcon_core.package_identification:_identify(src) by extensions ['ros']
[0.196s] Level 1:colcon.colcon_core.package_identification:_identify(src) by extension 'ros'
[0.196s] Level 1:colcon.colcon_core.package_identification:_identify(src) by extensions ['cmake', 'python']
[0.196s] Level 1:colcon.colcon_core.package_identification:_identify(src) by extension 'cmake'
[0.196s] Level 1:colcon.colcon_core.package_identification:_identify(src) by extension 'python'
[0.196s] Level 1:colcon.colcon_core.package_identification:_identify(src) by extensions ['python_setup_py']
[0.196s] Level 1:colcon.colcon_core.package_identification:_identify(src) by extension 'python_setup_py'
[0.196s] Level 1:colcon.colcon_core.package_identification:_identify(src/my_turtle_controller) by extensions ['ignore', 'ignore_ament_install']
[0.196s] Level 1:colcon.colcon_core.package_identification:_identify(src/my_turtle_controller) by extension 'ignore'
[0.196s] Level 1:colcon.colcon_core.package_identification:_identify(src/my_turtle_controller) by extension 'ignore_ament_install'
[0.196s] Level 1:colcon.colcon_core.package_identification:_identify(src/my_turtle_controller) by extensions ['colcon_pkg']
[0.196s] Level 1:colcon.colcon_core.package_identification:_identify(src/my_turtle_controller) by extension 'colcon_pkg'
[0.196s] Level 1:colcon.colcon_core.package_identification:_identify(src/my_turtle_controller) by extensions ['colcon_meta']
[0.196s] Level 1:colcon.colcon_core.package_identification:_identify(src/my_turtle_controller) by extension 'colcon_meta'
[0.196s] Level 1:colcon.colcon_core.package_identification:_identify(src/my_turtle_controller) by extensions ['ros']
[0.196s] Level 1:colcon.colcon_core.package_identification:_identify(src/my_turtle_controller) by extension 'ros'
[0.198s] DEBUG:colcon.colcon_core.package_identification:Package 'src/my_turtle_controller' with type 'ros.ament_python' and name 'my_turtle_controller'
[0.198s] Level 1:colcon.colcon_core.package_identification:_identify(src/myplan) by extensions ['ignore', 'ignore_ament_install']
[0.198s] Level 1:colcon.colcon_core.package_identification:_identify(src/myplan) by extension 'ignore'
[0.198s] Level 1:colcon.colcon_core.package_identification:_identify(src/myplan) by extension 'ignore_ament_install'
[0.198s] Level 1:colcon.colcon_core.package_identification:_identify(src/myplan) by extensions ['colcon_pkg']
[0.198s] Level 1:colcon.colcon_core.package_identification:_identify(src/myplan) by extension 'colcon_pkg'
[0.198s] Level 1:colcon.colcon_core.package_identification:_identify(src/myplan) by extensions ['colcon_meta']
[0.198s] Level 1:colcon.colcon_core.package_identification:_identify(src/myplan) by extension 'colcon_meta'
[0.198s] Level 1:colcon.colcon_core.package_identification:_identify(src/myplan) by extensions ['ros']
[0.198s] Level 1:colcon.colcon_core.package_identification:_identify(src/myplan) by extension 'ros'
[0.199s] DEBUG:colcon.colcon_core.package_identification:Package 'src/myplan' with type 'ros.ament_cmake' and name 'myplan'
[0.199s] Level 1:colcon.colcon_core.package_identification:_identify(src/myrobot) by extensions ['ignore', 'ignore_ament_install']
[0.199s] Level 1:colcon.colcon_core.package_identification:_identify(src/myrobot) by extension 'ignore'
[0.199s] Level 1:colcon.colcon_core.package_identification:_identify(src/myrobot) by extension 'ignore_ament_install'
[0.199s] Level 1:colcon.colcon_core.package_identification:_identify(src/myrobot) by extensions ['colcon_pkg']
[0.199s] Level 1:colcon.colcon_core.package_identification:_identify(src/myrobot) by extension 'colcon_pkg'
[0.199s] Level 1:colcon.colcon_core.package_identification:_identify(src/myrobot) by extensions ['colcon_meta']
[0.199s] Level 1:colcon.colcon_core.package_identification:_identify(src/myrobot) by extension 'colcon_meta'
[0.199s] Level 1:colcon.colcon_core.package_identification:_identify(src/myrobot) by extensions ['ros']
[0.199s] Level 1:colcon.colcon_core.package_identification:_identify(src/myrobot) by extension 'ros'
[0.199s] DEBUG:colcon.colcon_core.package_identification:Package 'src/myrobot' with type 'ros.ament_python' and name 'myrobot'
[0.200s] Level 1:colcon.colcon_core.package_identification:_identify(src/voicegpt) by extensions ['ignore', 'ignore_ament_install']
[0.200s] Level 1:colcon.colcon_core.package_identification:_identify(src/voicegpt) by extension 'ignore'
[0.200s] Level 1:colcon.colcon_core.package_identification:_identify(src/voicegpt) by extension 'ignore_ament_install'
[0.200s] Level 1:colcon.colcon_core.package_identification:_identify(src/voicegpt) by extensions ['colcon_pkg']
[0.200s] Level 1:colcon.colcon_core.package_identification:_identify(src/voicegpt) by extension 'colcon_pkg'
[0.200s] Level 1:colcon.colcon_core.package_identification:_identify(src/voicegpt) by extensions ['colcon_meta']
[0.200s] Level 1:colcon.colcon_core.package_identification:_identify(src/voicegpt) by extension 'colcon_meta'
[0.200s] Level 1:colcon.colcon_core.package_identification:_identify(src/voicegpt) by extensions ['ros']
[0.200s] Level 1:colcon.colcon_core.package_identification:_identify(src/voicegpt) by extension 'ros'
[0.200s] DEBUG:colcon.colcon_core.package_identification:Package 'src/voicegpt' with type 'ros.ament_python' and name 'voicegpt'
[0.200s] Level 1:colcon.colcon_core.package_discovery:discover_packages(recursive) using defaults
[0.200s] Level 1:colcon.colcon_core.package_discovery:discover_packages(ignore) discover
[0.200s] Level 1:colcon.colcon_core.package_discovery:discover_packages(ignore) using defaults
[0.200s] Level 1:colcon.colcon_core.package_discovery:discover_packages(path) discover
[0.200s] Level 1:colcon.colcon_core.package_discovery:discover_packages(path) using defaults
[0.220s] Level 1:colcon.colcon_core.package_discovery:discover_packages(prefix_path) check parameters
[0.220s] Level 1:colcon.colcon_core.package_discovery:discover_packages(prefix_path) discover
[0.222s] DEBUG:colcon.colcon_installed_package_information.package_discovery:Found 4 installed packages in /home/gary/HW_robotics_ws/install
[0.223s] DEBUG:colcon.colcon_installed_package_information.package_discovery:Found 365 installed packages in /opt/ros/humble
[0.224s] Level 1:colcon.colcon_core.package_discovery:discover_packages(prefix_path) using defaults
[0.254s] Level 5:colcon.colcon_core.verb:set package 'my_turtle_controller' build argument 'cmake_args' from command line to 'None'
[0.254s] Level 5:colcon.colcon_core.verb:set package 'my_turtle_controller' build argument 'cmake_target' from command line to 'None'
[0.254s] Level 5:colcon.colcon_core.verb:set package 'my_turtle_controller' build argument 'cmake_target_skip_unavailable' from command line to 'False'
[0.254s] Level 5:colcon.colcon_core.verb:set package 'my_turtle_controller' build argument 'cmake_clean_cache' from command line to 'False'
[0.254s] Level 5:colcon.colcon_core.verb:set package 'my_turtle_controller' build argument 'cmake_clean_first' from command line to 'False'
[0.254s] Level 5:colcon.colcon_core.verb:set package 'my_turtle_controller' build argument 'cmake_force_configure' from command line to 'False'
[0.254s] Level 5:colcon.colcon_core.verb:set package 'my_turtle_controller' build argument 'ament_cmake_args' from command line to 'None'
[0.254s] Level 5:colcon.colcon_core.verb:set package 'my_turtle_controller' build argument 'catkin_cmake_args' from command line to 'None'
[0.254s] Level 5:colcon.colcon_core.verb:set package 'my_turtle_controller' build argument 'catkin_skip_building_tests' from command line to 'False'
[0.254s] DEBUG:colcon.colcon_core.verb:Building package 'my_turtle_controller' with the following arguments: {'ament_cmake_args': None, 'build_base': '/home/gary/HW_robotics_ws/build/my_turtle_controller', 'catkin_cmake_args': None, 'catkin_skip_building_tests': False, 'cmake_args': None, 'cmake_clean_cache': False, 'cmake_clean_first': False, 'cmake_force_configure': False, 'cmake_target': None, 'cmake_target_skip_unavailable': False, 'install_base': '/home/gary/HW_robotics_ws/install/my_turtle_controller', 'merge_install': False, 'path': '/home/gary/HW_robotics_ws/src/my_turtle_controller', 'symlink_install': True, 'test_result_base': None}
[0.254s] Level 5:colcon.colcon_core.verb:set package 'myplan' build argument 'cmake_args' from command line to 'None'
[0.254s] Level 5:colcon.colcon_core.verb:set package 'myplan' build argument 'cmake_target' from command line to 'None'
[0.254s] Level 5:colcon.colcon_core.verb:set package 'myplan' build argument 'cmake_target_skip_unavailable' from command line to 'False'
[0.254s] Level 5:colcon.colcon_core.verb:set package 'myplan' build argument 'cmake_clean_cache' from command line to 'False'
[0.254s] Level 5:colcon.colcon_core.verb:set package 'myplan' build argument 'cmake_clean_first' from command line to 'False'
[0.254s] Level 5:colcon.colcon_core.verb:set package 'myplan' build argument 'cmake_force_configure' from command line to 'False'
[0.254s] Level 5:colcon.colcon_core.verb:set package 'myplan' build argument 'ament_cmake_args' from command line to 'None'
[0.254s] Level 5:colcon.colcon_core.verb:set package 'myplan' build argument 'catkin_cmake_args' from command line to 'None'
[0.254s] Level 5:colcon.colcon_core.verb:set package 'myplan' build argument 'catkin_skip_building_tests' from command line to 'False'
[0.254s] DEBUG:colcon.colcon_core.verb:Building package 'myplan' with the following arguments: {'ament_cmake_args': None, 'build_base': '/home/gary/HW_robotics_ws/build/myplan', 'catkin_cmake_args': None, 'catkin_skip_building_tests': False, 'cmake_args': None, 'cmake_clean_cache': False, 'cmake_clean_first': False, 'cmake_force_configure': False, 'cmake_target': None, 'cmake_target_skip_unavailable': False, 'install_base': '/home/gary/HW_robotics_ws/install/myplan', 'merge_install': False, 'path': '/home/gary/HW_robotics_ws/src/myplan', 'symlink_install': True, 'test_result_base': None}
[0.254s] Level 5:colcon.colcon_core.verb:set package 'myrobot' build argument 'cmake_args' from command line to 'None'
[0.254s] Level 5:colcon.colcon_core.verb:set package 'myrobot' build argument 'cmake_target' from command line to 'None'
[0.254s] Level 5:colcon.colcon_core.verb:set package 'myrobot' build argument 'cmake_target_skip_unavailable' from command line to 'False'
[0.254s] Level 5:colcon.colcon_core.verb:set package 'myrobot' build argument 'cmake_clean_cache' from command line to 'False'
[0.254s] Level 5:colcon.colcon_core.verb:set package 'myrobot' build argument 'cmake_clean_first' from command line to 'False'
[0.254s] Level 5:colcon.colcon_core.verb:set package 'myrobot' build argument 'cmake_force_configure' from command line to 'False'
[0.254s] Level 5:colcon.colcon_core.verb:set package 'myrobot' build argument 'ament_cmake_args' from command line to 'None'
[0.254s] Level 5:colcon.colcon_core.verb:set package 'myrobot' build argument 'catkin_cmake_args' from command line to 'None'
[0.254s] Level 5:colcon.colcon_core.verb:set package 'myrobot' build argument 'catkin_skip_building_tests' from command line to 'False'
[0.254s] DEBUG:colcon.colcon_core.verb:Building package 'myrobot' with the following arguments: {'ament_cmake_args': None, 'build_base': '/home/gary/HW_robotics_ws/build/myrobot', 'catkin_cmake_args': None, 'catkin_skip_building_tests': False, 'cmake_args': None, 'cmake_clean_cache': False, 'cmake_clean_first': False, 'cmake_force_configure': False, 'cmake_target': None, 'cmake_target_skip_unavailable': False, 'install_base': '/home/gary/HW_robotics_ws/install/myrobot', 'merge_install': False, 'path': '/home/gary/HW_robotics_ws/src/myrobot', 'symlink_install': True, 'test_result_base': None}
[0.255s] Level 5:colcon.colcon_core.verb:set package 'voicegpt' build argument 'cmake_args' from command line to 'None'
[0.255s] Level 5:colcon.colcon_core.verb:set package 'voicegpt' build argument 'cmake_target' from command line to 'None'
[0.255s] Level 5:colcon.colcon_core.verb:set package 'voicegpt' build argument 'cmake_target_skip_unavailable' from command line to 'False'
[0.255s] Level 5:colcon.colcon_core.verb:set package 'voicegpt' build argument 'cmake_clean_cache' from command line to 'False'
[0.255s] Level 5:colcon.colcon_core.verb:set package 'voicegpt' build argument 'cmake_clean_first' from command line to 'False'
[0.255s] Level 5:colcon.colcon_core.verb:set package 'voicegpt' build argument 'cmake_force_configure' from command line to 'False'
[0.255s] Level 5:colcon.colcon_core.verb:set package 'voicegpt' build argument 'ament_cmake_args' from command line to 'None'
[0.255s] Level 5:colcon.colcon_core.verb:set package 'voicegpt' build argument 'catkin_cmake_args' from command line to 'None'
[0.255s] Level 5:colcon.colcon_core.verb:set package 'voicegpt' build argument 'catkin_skip_building_tests' from command line to 'False'
[0.255s] DEBUG:colcon.colcon_core.verb:Building package 'voicegpt' with the following arguments: {'ament_cmake_args': None, 'build_base': '/home/gary/HW_robotics_ws/build/voicegpt', 'catkin_cmake_args': None, 'catkin_skip_building_tests': False, 'cmake_args': None, 'cmake_clean_cache': False, 'cmake_clean_first': False, 'cmake_force_configure': False, 'cmake_target': None, 'cmake_target_skip_unavailable': False, 'install_base': '/home/gary/HW_robotics_ws/install/voicegpt', 'merge_install': False, 'path': '/home/gary/HW_robotics_ws/src/voicegpt', 'symlink_install': True, 'test_result_base': None}
[0.255s] INFO:colcon.colcon_core.executor:Executing jobs using 'parallel' executor
[0.256s] DEBUG:colcon.colcon_parallel_executor.executor.parallel:run_until_complete
[0.256s] INFO:colcon.colcon_ros.task.ament_python.build:Building ROS package in '/home/gary/HW_robotics_ws/src/my_turtle_controller' with build type 'ament_python'
[0.256s] Level 1:colcon.colcon_core.shell:create_environment_hook('my_turtle_controller', 'ament_prefix_path')
[0.257s] INFO:colcon.colcon_core.plugin_system:Skipping extension 'colcon_core.shell.bat': Not used on non-Windows systems
[0.258s] INFO:colcon.colcon_core.shell:Creating environment hook '/home/gary/HW_robotics_ws/install/my_turtle_controller/share/my_turtle_controller/hook/ament_prefix_path.ps1'
[0.258s] INFO:colcon.colcon_core.shell:Creating environment descriptor '/home/gary/HW_robotics_ws/install/my_turtle_controller/share/my_turtle_controller/hook/ament_prefix_path.dsv'
[0.258s] INFO:colcon.colcon_core.shell:Creating environment hook '/home/gary/HW_robotics_ws/install/my_turtle_controller/share/my_turtle_controller/hook/ament_prefix_path.sh'
[0.259s] INFO:colcon.colcon_core.shell:Skip shell extension 'powershell' for command environment: Not usable outside of PowerShell
[0.259s] DEBUG:colcon.colcon_core.shell:Skip shell extension 'dsv' for command environment
[0.262s] INFO:colcon.colcon_ros.task.ament_cmake.build:Building ROS package in '/home/gary/HW_robotics_ws/src/myplan' with build type 'ament_cmake'
[0.262s] INFO:colcon.colcon_cmake.task.cmake.build:Building CMake package in '/home/gary/HW_robotics_ws/src/myplan'
[0.262s] INFO:colcon.colcon_core.shell:Skip shell extension 'powershell' for command environment: Not usable outside of PowerShell
[0.262s] DEBUG:colcon.colcon_core.shell:Skip shell extension 'dsv' for command environment
[0.264s] INFO:colcon.colcon_ros.task.ament_python.build:Building ROS package in '/home/gary/HW_robotics_ws/src/myrobot' with build type 'ament_python'
[0.265s] Level 1:colcon.colcon_core.shell:create_environment_hook('myrobot', 'ament_prefix_path')
[0.265s] INFO:colcon.colcon_core.shell:Creating environment hook '/home/gary/HW_robotics_ws/install/myrobot/share/myrobot/hook/ament_prefix_path.ps1'
[0.265s] INFO:colcon.colcon_core.shell:Creating environment descriptor '/home/gary/HW_robotics_ws/install/myrobot/share/myrobot/hook/ament_prefix_path.dsv'
[0.265s] INFO:colcon.colcon_core.shell:Creating environment hook '/home/gary/HW_robotics_ws/install/myrobot/share/myrobot/hook/ament_prefix_path.sh'
[0.266s] INFO:colcon.colcon_core.shell:Skip shell extension 'powershell' for command environment: Not usable outside of PowerShell
[0.266s] DEBUG:colcon.colcon_core.shell:Skip shell extension 'dsv' for command environment
[0.279s] INFO:colcon.colcon_ros.task.ament_python.build:Building ROS package in '/home/gary/HW_robotics_ws/src/voicegpt' with build type 'ament_python'
[0.279s] Level 1:colcon.colcon_core.shell:create_environment_hook('voicegpt', 'ament_prefix_path')
[0.280s] INFO:colcon.colcon_core.shell:Creating environment hook '/home/gary/HW_robotics_ws/install/voicegpt/share/voicegpt/hook/ament_prefix_path.ps1'
[0.280s] INFO:colcon.colcon_core.shell:Creating environment descriptor '/home/gary/HW_robotics_ws/install/voicegpt/share/voicegpt/hook/ament_prefix_path.dsv'
[0.280s] INFO:colcon.colcon_core.shell:Creating environment hook '/home/gary/HW_robotics_ws/install/voicegpt/share/voicegpt/hook/ament_prefix_path.sh'
[0.281s] INFO:colcon.colcon_core.shell:Skip shell extension 'powershell' for command environment: Not usable outside of PowerShell
[0.281s] DEBUG:colcon.colcon_core.shell:Skip shell extension 'dsv' for command environment
[0.461s] INFO:colcon.colcon_core.task.python.build:Building Python package in '/home/gary/HW_robotics_ws/src/my_turtle_controller'
[0.461s] INFO:colcon.colcon_core.shell:Skip shell extension 'powershell' for command environment: Not usable outside of PowerShell
[0.461s] DEBUG:colcon.colcon_core.shell:Skip shell extension 'dsv' for command environment
[0.467s] DEBUG:colcon.colcon_core.event_handler.log_command:Invoking command in '/home/gary/HW_robotics_ws/build/myplan': CMAKE_PREFIX_PATH=/home/gary/HW_robotics_ws/install/voicegpt:/home/gary/HW_robotics_ws/install/myrobot:/home/gary/HW_robotics_ws/install/my_turtle_controller:/opt/ros/humble /usr/bin/cmake --build /home/gary/HW_robotics_ws/build/myplan -- -j16 -l16
[0.647s] INFO:colcon.colcon_core.task.python.build:Building Python package in '/home/gary/HW_robotics_ws/src/myrobot'
[0.648s] INFO:colcon.colcon_core.shell:Skip shell extension 'powershell' for command environment: Not usable outside of PowerShell
[0.648s] DEBUG:colcon.colcon_core.shell:Skip shell extension 'dsv' for command environment
[0.829s] INFO:colcon.colcon_core.task.python.build:Building Python package in '/home/gary/HW_robotics_ws/src/voicegpt'
[0.829s] INFO:colcon.colcon_core.shell:Skip shell extension 'powershell' for command environment: Not usable outside of PowerShell
[0.829s] DEBUG:colcon.colcon_core.shell:Skip shell extension 'dsv' for command environment
[0.835s] DEBUG:colcon.colcon_core.event_handler.log_command:Invoked command in '/home/gary/HW_robotics_ws/build/myplan' returned '0': CMAKE_PREFIX_PATH=/home/gary/HW_robotics_ws/install/voicegpt:/home/gary/HW_robotics_ws/install/myrobot:/home/gary/HW_robotics_ws/install/my_turtle_controller:/opt/ros/humble /usr/bin/cmake --build /home/gary/HW_robotics_ws/build/myplan -- -j16 -l16
[0.843s] DEBUG:colcon.colcon_core.event_handler.log_command:Invoking command in '/home/gary/HW_robotics_ws/build/myplan': CMAKE_PREFIX_PATH=/home/gary/HW_robotics_ws/install/voicegpt:/home/gary/HW_robotics_ws/install/myrobot:/home/gary/HW_robotics_ws/install/my_turtle_controller:/opt/ros/humble /usr/bin/cmake --install /home/gary/HW_robotics_ws/build/myplan
[0.863s] Level 1:colcon.colcon_core.environment:create_environment_scripts_only(myplan)
[0.864s] DEBUG:colcon.colcon_core.event_handler.log_command:Invoked command in '/home/gary/HW_robotics_ws/build/myplan' returned '0': CMAKE_PREFIX_PATH=/home/gary/HW_robotics_ws/install/voicegpt:/home/gary/HW_robotics_ws/install/myrobot:/home/gary/HW_robotics_ws/install/my_turtle_controller:/opt/ros/humble /usr/bin/cmake --install /home/gary/HW_robotics_ws/build/myplan
[0.866s] Level 1:colcon.colcon_core.environment:checking '/home/gary/HW_robotics_ws/install/myplan' for CMake module files
[0.866s] Level 1:colcon.colcon_core.environment:checking '/home/gary/HW_robotics_ws/install/myplan' for CMake config files
[0.866s] Level 1:colcon.colcon_core.shell:create_environment_hook('myplan', 'cmake_prefix_path')
[0.867s] INFO:colcon.colcon_core.shell:Creating environment hook '/home/gary/HW_robotics_ws/install/myplan/share/myplan/hook/cmake_prefix_path.ps1'
[0.867s] INFO:colcon.colcon_core.shell:Creating environment descriptor '/home/gary/HW_robotics_ws/install/myplan/share/myplan/hook/cmake_prefix_path.dsv'
[0.867s] INFO:colcon.colcon_core.shell:Creating environment hook '/home/gary/HW_robotics_ws/install/myplan/share/myplan/hook/cmake_prefix_path.sh'
[0.868s] Level 1:colcon.colcon_core.environment:checking '/home/gary/HW_robotics_ws/install/myplan/bin'
[0.868s] Level 1:colcon.colcon_core.environment:checking '/home/gary/HW_robotics_ws/install/myplan/lib/pkgconfig/myplan.pc'
[0.868s] Level 1:colcon.colcon_core.environment:checking '/home/gary/HW_robotics_ws/install/myplan/lib/python3.10/site-packages'
[0.868s] Level 1:colcon.colcon_core.environment:checking '/home/gary/HW_robotics_ws/install/myplan/bin'
[0.868s] INFO:colcon.colcon_core.shell:Creating package script '/home/gary/HW_robotics_ws/install/myplan/share/myplan/package.ps1'
[0.869s] INFO:colcon.colcon_core.shell:Creating package descriptor '/home/gary/HW_robotics_ws/install/myplan/share/myplan/package.dsv'
[0.869s] INFO:colcon.colcon_core.shell:Creating package script '/home/gary/HW_robotics_ws/install/myplan/share/myplan/package.sh'
[0.870s] INFO:colcon.colcon_core.shell:Creating package script '/home/gary/HW_robotics_ws/install/myplan/share/myplan/package.bash'
[0.870s] INFO:colcon.colcon_core.shell:Creating package script '/home/gary/HW_robotics_ws/install/myplan/share/myplan/package.zsh'
[0.871s] Level 1:colcon.colcon_core.environment:create_file_with_runtime_dependencies(/home/gary/HW_robotics_ws/install/myplan/share/colcon-core/packages/myplan)
[0.871s] Level 1:colcon.colcon_core.environment:create_environment_scripts_only(myplan)
[0.871s] Level 1:colcon.colcon_core.environment:checking '/home/gary/HW_robotics_ws/install/myplan' for CMake module files
[0.871s] Level 1:colcon.colcon_core.environment:checking '/home/gary/HW_robotics_ws/install/myplan' for CMake config files
[0.872s] Level 1:colcon.colcon_core.shell:create_environment_hook('myplan', 'cmake_prefix_path')
[0.872s] INFO:colcon.colcon_core.shell:Creating environment hook '/home/gary/HW_robotics_ws/install/myplan/share/myplan/hook/cmake_prefix_path.ps1'
[0.872s] INFO:colcon.colcon_core.shell:Creating environment descriptor '/home/gary/HW_robotics_ws/install/myplan/share/myplan/hook/cmake_prefix_path.dsv'
[0.872s] INFO:colcon.colcon_core.shell:Creating environment hook '/home/gary/HW_robotics_ws/install/myplan/share/myplan/hook/cmake_prefix_path.sh'
[0.873s] Level 1:colcon.colcon_core.environment:checking '/home/gary/HW_robotics_ws/install/myplan/bin'
[0.873s] Level 1:colcon.colcon_core.environment:checking '/home/gary/HW_robotics_ws/install/myplan/lib/pkgconfig/myplan.pc'
[0.873s] Level 1:colcon.colcon_core.environment:checking '/home/gary/HW_robotics_ws/install/myplan/lib/python3.10/site-packages'
[0.873s] Level 1:colcon.colcon_core.environment:checking '/home/gary/HW_robotics_ws/install/myplan/bin'
[0.873s] INFO:colcon.colcon_core.shell:Creating package script '/home/gary/HW_robotics_ws/install/myplan/share/myplan/package.ps1'
[0.874s] INFO:colcon.colcon_core.shell:Creating package descriptor '/home/gary/HW_robotics_ws/install/myplan/share/myplan/package.dsv'
[0.874s] INFO:colcon.colcon_core.shell:Creating package script '/home/gary/HW_robotics_ws/install/myplan/share/myplan/package.sh'
[0.874s] INFO:colcon.colcon_core.shell:Creating package script '/home/gary/HW_robotics_ws/install/myplan/share/myplan/package.bash'
[0.875s] INFO:colcon.colcon_core.shell:Creating package script '/home/gary/HW_robotics_ws/install/myplan/share/myplan/package.zsh'
[0.875s] Level 1:colcon.colcon_core.environment:create_file_with_runtime_dependencies(/home/gary/HW_robotics_ws/install/myplan/share/colcon-core/packages/myplan)
[1.099s] DEBUG:colcon.colcon_core.event_handler.log_command:Invoking command in '/home/gary/HW_robotics_ws/build/my_turtle_controller': PYTHONPATH=/home/gary/HW_robotics_ws/build/my_turtle_controller/prefix_override:/usr/lib/python3/dist-packages/colcon_core/task/python/colcon_distutils_commands:/home/gary/HW_robotics_ws/install/my_turtle_controller/lib/python3.10/site-packages:${PYTHONPATH} /usr/bin/python3 -W ignore:setup.py install is deprecated -W ignore:easy_install command is deprecated setup.py develop --editable --build-directory /home/gary/HW_robotics_ws/build/my_turtle_controller/build --no-deps symlink_data
[1.114s] DEBUG:colcon.colcon_core.event_handler.log_command:Invoking command in '/home/gary/HW_robotics_ws/build/voicegpt': PYTHONPATH=/home/gary/HW_robotics_ws/build/voicegpt/prefix_override:/usr/lib/python3/dist-packages/colcon_core/task/python/colcon_distutils_commands:/home/gary/HW_robotics_ws/install/voicegpt/lib/python3.10/site-packages:${PYTHONPATH} /usr/bin/python3 -W ignore:setup.py install is deprecated -W ignore:easy_install command is deprecated setup.py develop --editable --build-directory /home/gary/HW_robotics_ws/build/voicegpt/build --no-deps symlink_data
[1.117s] DEBUG:colcon.colcon_core.event_handler.log_command:Invoking command in '/home/gary/HW_robotics_ws/build/myrobot': PYTHONPATH=/home/gary/HW_robotics_ws/build/myrobot/prefix_override:/usr/lib/python3/dist-packages/colcon_core/task/python/colcon_distutils_commands:/home/gary/HW_robotics_ws/install/myrobot/lib/python3.10/site-packages:${PYTHONPATH} /usr/bin/python3 -W ignore:setup.py install is deprecated -W ignore:easy_install command is deprecated setup.py develop --editable --build-directory /home/gary/HW_robotics_ws/build/myrobot/build --no-deps symlink_data
[1.439s] Level 1:colcon.colcon_core.shell:create_environment_hook('my_turtle_controller', 'pythonpath_develop')
[1.440s] INFO:colcon.colcon_core.shell:Creating environment hook '/home/gary/HW_robotics_ws/build/my_turtle_controller/share/my_turtle_controller/hook/pythonpath_develop.ps1'
[1.441s] DEBUG:colcon.colcon_core.event_handler.log_command:Invoked command in '/home/gary/HW_robotics_ws/build/my_turtle_controller' returned '0': PYTHONPATH=/home/gary/HW_robotics_ws/build/my_turtle_controller/prefix_override:/usr/lib/python3/dist-packages/colcon_core/task/python/colcon_distutils_commands:/home/gary/HW_robotics_ws/install/my_turtle_controller/lib/python3.10/site-packages:${PYTHONPATH} /usr/bin/python3 -W ignore:setup.py install is deprecated -W ignore:easy_install command is deprecated setup.py develop --editable --build-directory /home/gary/HW_robotics_ws/build/my_turtle_controller/build --no-deps symlink_data
[1.441s] INFO:colcon.colcon_core.shell:Creating environment descriptor '/home/gary/HW_robotics_ws/build/my_turtle_controller/share/my_turtle_controller/hook/pythonpath_develop.dsv'
[1.441s] INFO:colcon.colcon_core.shell:Creating environment hook '/home/gary/HW_robotics_ws/build/my_turtle_controller/share/my_turtle_controller/hook/pythonpath_develop.sh'
[1.442s] Level 1:colcon.colcon_core.environment:checking '/home/gary/HW_robotics_ws/install/my_turtle_controller' for CMake module files
[1.442s] Level 1:colcon.colcon_core.environment:checking '/home/gary/HW_robotics_ws/install/my_turtle_controller' for CMake config files
[1.442s] Level 1:colcon.colcon_core.environment:checking '/home/gary/HW_robotics_ws/install/my_turtle_controller/lib'
[1.442s] Level 1:colcon.colcon_core.environment:checking '/home/gary/HW_robotics_ws/install/my_turtle_controller/bin'
[1.443s] Level 1:colcon.colcon_core.environment:checking '/home/gary/HW_robotics_ws/install/my_turtle_controller/lib/pkgconfig/my_turtle_controller.pc'
[1.443s] Level 1:colcon.colcon_core.environment:checking '/home/gary/HW_robotics_ws/install/my_turtle_controller/lib/python3.10/site-packages'
[1.443s] Level 1:colcon.colcon_core.shell:create_environment_hook('my_turtle_controller', 'pythonpath')
[1.443s] INFO:colcon.colcon_core.shell:Creating environment hook '/home/gary/HW_robotics_ws/install/my_turtle_controller/share/my_turtle_controller/hook/pythonpath.ps1'
[1.443s] INFO:colcon.colcon_core.shell:Creating environment descriptor '/home/gary/HW_robotics_ws/install/my_turtle_controller/share/my_turtle_controller/hook/pythonpath.dsv'
[1.443s] INFO:colcon.colcon_core.shell:Creating environment hook '/home/gary/HW_robotics_ws/install/my_turtle_controller/share/my_turtle_controller/hook/pythonpath.sh'
[1.444s] Level 1:colcon.colcon_core.environment:checking '/home/gary/HW_robotics_ws/install/my_turtle_controller/bin'
[1.444s] Level 1:colcon.colcon_core.environment:create_environment_scripts_only(my_turtle_controller)
[1.444s] INFO:colcon.colcon_core.shell:Creating package script '/home/gary/HW_robotics_ws/install/my_turtle_controller/share/my_turtle_controller/package.ps1'
[1.445s] INFO:colcon.colcon_core.shell:Creating package descriptor '/home/gary/HW_robotics_ws/install/my_turtle_controller/share/my_turtle_controller/package.dsv'
[1.445s] INFO:colcon.colcon_core.shell:Creating package script '/home/gary/HW_robotics_ws/install/my_turtle_controller/share/my_turtle_controller/package.sh'
[1.445s] INFO:colcon.colcon_core.shell:Creating package script '/home/gary/HW_robotics_ws/install/my_turtle_controller/share/my_turtle_controller/package.bash'
[1.445s] INFO:colcon.colcon_core.shell:Creating package script '/home/gary/HW_robotics_ws/install/my_turtle_controller/share/my_turtle_controller/package.zsh'
[1.446s] Level 1:colcon.colcon_core.environment:create_file_with_runtime_dependencies(/home/gary/HW_robotics_ws/install/my_turtle_controller/share/colcon-core/packages/my_turtle_controller)
[1.457s] Level 1:colcon.colcon_core.shell:create_environment_hook('voicegpt', 'pythonpath_develop')
[1.458s] INFO:colcon.colcon_core.shell:Creating environment hook '/home/gary/HW_robotics_ws/build/voicegpt/share/voicegpt/hook/pythonpath_develop.ps1'
[1.458s] DEBUG:colcon.colcon_core.event_handler.log_command:Invoked command in '/home/gary/HW_robotics_ws/build/voicegpt' returned '0': PYTHONPATH=/home/gary/HW_robotics_ws/build/voicegpt/prefix_override:/usr/lib/python3/dist-packages/colcon_core/task/python/colcon_distutils_commands:/home/gary/HW_robotics_ws/install/voicegpt/lib/python3.10/site-packages:${PYTHONPATH} /usr/bin/python3 -W ignore:setup.py install is deprecated -W ignore:easy_install command is deprecated setup.py develop --editable --build-directory /home/gary/HW_robotics_ws/build/voicegpt/build --no-deps symlink_data
[1.458s] INFO:colcon.colcon_core.shell:Creating environment descriptor '/home/gary/HW_robotics_ws/build/voicegpt/share/voicegpt/hook/pythonpath_develop.dsv'
[1.459s] INFO:colcon.colcon_core.shell:Creating environment hook '/home/gary/HW_robotics_ws/build/voicegpt/share/voicegpt/hook/pythonpath_develop.sh'
[1.459s] Level 1:colcon.colcon_core.environment:checking '/home/gary/HW_robotics_ws/install/voicegpt' for CMake module files
[1.459s] Level 1:colcon.colcon_core.environment:checking '/home/gary/HW_robotics_ws/install/voicegpt' for CMake config files
[1.460s] Level 1:colcon.colcon_core.environment:checking '/home/gary/HW_robotics_ws/install/voicegpt/lib'
[1.460s] Level 1:colcon.colcon_core.environment:checking '/home/gary/HW_robotics_ws/install/voicegpt/bin'
[1.460s] Level 1:colcon.colcon_core.environment:checking '/home/gary/HW_robotics_ws/install/voicegpt/lib/pkgconfig/voicegpt.pc'
[1.460s] Level 1:colcon.colcon_core.environment:checking '/home/gary/HW_robotics_ws/install/voicegpt/lib/python3.10/site-packages'
[1.460s] Level 1:colcon.colcon_core.shell:create_environment_hook('voicegpt', 'pythonpath')
[1.460s] INFO:colcon.colcon_core.shell:Creating environment hook '/home/gary/HW_robotics_ws/install/voicegpt/share/voicegpt/hook/pythonpath.ps1'
[1.461s] INFO:colcon.colcon_core.shell:Creating environment descriptor '/home/gary/HW_robotics_ws/install/voicegpt/share/voicegpt/hook/pythonpath.dsv'
[1.461s] INFO:colcon.colcon_core.shell:Creating environment hook '/home/gary/HW_robotics_ws/install/voicegpt/share/voicegpt/hook/pythonpath.sh'
[1.461s] Level 1:colcon.colcon_core.environment:checking '/home/gary/HW_robotics_ws/install/voicegpt/bin'
[1.461s] Level 1:colcon.colcon_core.environment:create_environment_scripts_only(voicegpt)
[1.461s] INFO:colcon.colcon_core.shell:Creating package script '/home/gary/HW_robotics_ws/install/voicegpt/share/voicegpt/package.ps1'
[1.462s] INFO:colcon.colcon_core.shell:Creating package descriptor '/home/gary/HW_robotics_ws/install/voicegpt/share/voicegpt/package.dsv'
[1.462s] INFO:colcon.colcon_core.shell:Creating package script '/home/gary/HW_robotics_ws/install/voicegpt/share/voicegpt/package.sh'
[1.463s] INFO:colcon.colcon_core.shell:Creating package script '/home/gary/HW_robotics_ws/install/voicegpt/share/voicegpt/package.bash'
[1.463s] INFO:colcon.colcon_core.shell:Creating package script '/home/gary/HW_robotics_ws/install/voicegpt/share/voicegpt/package.zsh'
[1.463s] Level 1:colcon.colcon_core.environment:create_file_with_runtime_dependencies(/home/gary/HW_robotics_ws/install/voicegpt/share/colcon-core/packages/voicegpt)
[1.464s] Level 1:colcon.colcon_core.shell:create_environment_hook('myrobot', 'pythonpath_develop')
[1.464s] INFO:colcon.colcon_core.shell:Creating environment hook '/home/gary/HW_robotics_ws/build/myrobot/share/myrobot/hook/pythonpath_develop.ps1'
[1.465s] INFO:colcon.colcon_core.shell:Creating environment descriptor '/home/gary/HW_robotics_ws/build/myrobot/share/myrobot/hook/pythonpath_develop.dsv'
[1.465s] DEBUG:colcon.colcon_core.event_handler.log_command:Invoked command in '/home/gary/HW_robotics_ws/build/myrobot' returned '0': PYTHONPATH=/home/gary/HW_robotics_ws/build/myrobot/prefix_override:/usr/lib/python3/dist-packages/colcon_core/task/python/colcon_distutils_commands:/home/gary/HW_robotics_ws/install/myrobot/lib/python3.10/site-packages:${PYTHONPATH} /usr/bin/python3 -W ignore:setup.py install is deprecated -W ignore:easy_install command is deprecated setup.py develop --editable --build-directory /home/gary/HW_robotics_ws/build/myrobot/build --no-deps symlink_data
[1.465s] INFO:colcon.colcon_core.shell:Creating environment hook '/home/gary/HW_robotics_ws/build/myrobot/share/myrobot/hook/pythonpath_develop.sh'
[1.466s] Level 1:colcon.colcon_core.environment:checking '/home/gary/HW_robotics_ws/install/myrobot' for CMake module files
[1.466s] Level 1:colcon.colcon_core.environment:checking '/home/gary/HW_robotics_ws/install/myrobot' for CMake config files
[1.466s] Level 1:colcon.colcon_core.environment:checking '/home/gary/HW_robotics_ws/install/myrobot/lib'
[1.467s] Level 1:colcon.colcon_core.environment:checking '/home/gary/HW_robotics_ws/install/myrobot/bin'
[1.467s] Level 1:colcon.colcon_core.environment:checking '/home/gary/HW_robotics_ws/install/myrobot/lib/pkgconfig/myrobot.pc'
[1.467s] Level 1:colcon.colcon_core.environment:checking '/home/gary/HW_robotics_ws/install/myrobot/lib/python3.10/site-packages'
[1.467s] Level 1:colcon.colcon_core.shell:create_environment_hook('myrobot', 'pythonpath')
[1.467s] INFO:colcon.colcon_core.shell:Creating environment hook '/home/gary/HW_robotics_ws/install/myrobot/share/myrobot/hook/pythonpath.ps1'
[1.467s] INFO:colcon.colcon_core.shell:Creating environment descriptor '/home/gary/HW_robotics_ws/install/myrobot/share/myrobot/hook/pythonpath.dsv'
[1.467s] INFO:colcon.colcon_core.shell:Creating environment hook '/home/gary/HW_robotics_ws/install/myrobot/share/myrobot/hook/pythonpath.sh'
[1.468s] Level 1:colcon.colcon_core.environment:checking '/home/gary/HW_robotics_ws/install/myrobot/bin'
[1.469s] Level 1:colcon.colcon_core.environment:create_environment_scripts_only(myrobot)
[1.469s] INFO:colcon.colcon_core.shell:Creating package script '/home/gary/HW_robotics_ws/install/myrobot/share/myrobot/package.ps1'
[1.469s] INFO:colcon.colcon_core.shell:Creating package descriptor '/home/gary/HW_robotics_ws/install/myrobot/share/myrobot/package.dsv'
[1.469s] INFO:colcon.colcon_core.shell:Creating package script '/home/gary/HW_robotics_ws/install/myrobot/share/myrobot/package.sh'
[1.470s] INFO:colcon.colcon_core.shell:Creating package script '/home/gary/HW_robotics_ws/install/myrobot/share/myrobot/package.bash'
[1.470s] INFO:colcon.colcon_core.shell:Creating package script '/home/gary/HW_robotics_ws/install/myrobot/share/myrobot/package.zsh'
[1.470s] Level 1:colcon.colcon_core.environment:create_file_with_runtime_dependencies(/home/gary/HW_robotics_ws/install/myrobot/share/colcon-core/packages/myrobot)
[1.470s] DEBUG:colcon.colcon_parallel_executor.executor.parallel:closing loop
[1.471s] DEBUG:colcon.colcon_parallel_executor.executor.parallel:loop closed
[1.471s] DEBUG:colcon.colcon_parallel_executor.executor.parallel:run_until_complete finished with '0'
[1.471s] DEBUG:colcon.colcon_core.event_reactor:joining thread
[1.475s] INFO:colcon.colcon_core.plugin_system:Skipping extension 'colcon_notification.desktop_notification.terminal_notifier': Not used on non-Darwin systems
[1.475s] INFO:colcon.colcon_core.plugin_system:Skipping extension 'colcon_notification.desktop_notification.win32': Not used on non-Windows systems
[1.475s] INFO:colcon.colcon_notification.desktop_notification:Sending desktop notification using 'notify2'
[1.485s] DEBUG:colcon.colcon_core.event_reactor:joined thread
[1.485s] INFO:colcon.colcon_core.shell:Creating prefix script '/home/gary/HW_robotics_ws/install/local_setup.ps1'
[1.487s] INFO:colcon.colcon_core.shell:Creating prefix util module '/home/gary/HW_robotics_ws/install/_local_setup_util_ps1.py'
[1.488s] INFO:colcon.colcon_core.shell:Creating prefix chain script '/home/gary/HW_robotics_ws/install/setup.ps1'
[1.489s] INFO:colcon.colcon_core.shell:Creating prefix script '/home/gary/HW_robotics_ws/install/local_setup.sh'
[1.489s] INFO:colcon.colcon_core.shell:Creating prefix util module '/home/gary/HW_robotics_ws/install/_local_setup_util_sh.py'
[1.490s] INFO:colcon.colcon_core.shell:Creating prefix chain script '/home/gary/HW_robotics_ws/install/setup.sh'
[1.490s] INFO:colcon.colcon_core.shell:Creating prefix script '/home/gary/HW_robotics_ws/install/local_setup.bash'
[1.491s] INFO:colcon.colcon_core.shell:Creating prefix chain script '/home/gary/HW_robotics_ws/install/setup.bash'
[1.491s] INFO:colcon.colcon_core.shell:Creating prefix script '/home/gary/HW_robotics_ws/install/local_setup.zsh'
[1.492s] INFO:colcon.colcon_core.shell:Creating prefix chain script '/home/gary/HW_robotics_ws/install/setup.zsh'
