[0.944s] Invoking command in '/home/gary/HW_robotics_ws/build/myrobot': PYTHONPATH=/home/gary/HW_robotics_ws/build/myrobot/prefix_override:/usr/lib/python3/dist-packages/colcon_core/task/python/colcon_distutils_commands:/home/gary/HW_robotics_ws/install/myrobot/lib/python3.10/site-packages:${PYTHONPATH} /usr/bin/python3 -W ignore:setup.py install is deprecated -W ignore:easy_install command is deprecated setup.py develop --editable --build-directory /home/gary/HW_robotics_ws/build/myrobot/build --no-deps symlink_data
[1.143s] running develop
[1.268s] running egg_info
[1.269s] writing myrobot.egg-info/PKG-INFO
[1.269s] writing dependency_links to myrobot.egg-info/dependency_links.txt
[1.269s] writing entry points to myrobot.egg-info/entry_points.txt
[1.269s] writing requirements to myrobot.egg-info/requires.txt
[1.269s] writing top-level names to myrobot.egg-info/top_level.txt
[1.271s] reading manifest file 'myrobot.egg-info/SOURCES.txt'
[1.271s] writing manifest file 'myrobot.egg-info/SOURCES.txt'
[1.272s] running build_ext
[1.272s] Creating /home/gary/HW_robotics_ws/install/myrobot/lib/python3.10/site-packages/myrobot.egg-link (link to .)
[1.273s] Installing IK_path_planning script to /home/gary/HW_robotics_ws/install/myrobot/lib/myrobot
[1.273s] Installing hanoi_planner script to /home/gary/HW_robotics_ws/install/myrobot/lib/myrobot
[1.273s] Installing hanoi_spawn_objects script to /home/gary/HW_robotics_ws/install/myrobot/lib/myrobot
[1.273s] Installing kb_control script to /home/gary/HW_robotics_ws/install/myrobot/lib/myrobot
[1.273s] Installing moveit_real_arm_interface script to /home/gary/HW_robotics_ws/install/myrobot/lib/myrobot
[1.273s] Installing serial_with_ST script to /home/gary/HW_robotics_ws/install/myrobot/lib/myrobot
[1.274s] 
[1.274s] Installed /home/gary/HW_robotics_ws/build/myrobot
[1.274s] running symlink_data
[1.314s] Invoked command in '/home/gary/HW_robotics_ws/build/myrobot' returned '0': PYTHONPATH=/home/gary/HW_robotics_ws/build/myrobot/prefix_override:/usr/lib/python3/dist-packages/colcon_core/task/python/colcon_distutils_commands:/home/gary/HW_robotics_ws/install/myrobot/lib/python3.10/site-packages:${PYTHONPATH} /usr/bin/python3 -W ignore:setup.py install is deprecated -W ignore:easy_install command is deprecated setup.py develop --editable --build-directory /home/gary/HW_robotics_ws/build/myrobot/build --no-deps symlink_data
