[0.099s] DEBUG:colcon:Command line arguments: ['/usr/bin/colcon', 'build', '--symlink-install']
[0.099s] DEBUG:colcon:Parsed command line arguments: Namespace(log_base=None, log_level=None, verb_name='build', build_base='build', install_base='install', merge_install=False, symlink_install=True, test_result_base=None, continue_on_error=False, executor='parallel', parallel_workers=16, event_handlers=None, ignore_user_meta=False, metas=['./colcon.meta'], base_paths=['.'], packages_ignore=None, packages_ignore_regex=None, paths=None, packages_up_to=None, packages_up_to_regex=None, packages_above=None, packages_above_and_dependencies=None, packages_above_depth=None, packages_select_by_dep=None, packages_skip_by_dep=None, packages_skip_up_to=None, packages_select_build_failed=False, packages_skip_build_finished=False, packages_select_test_failures=False, packages_skip_test_passed=False, packages_select=None, packages_skip=None, packages_select_regex=None, packages_skip_regex=None, packages_start=None, packages_end=None, allow_overriding=[], cmake_args=None, cmake_target=None, cmake_target_skip_unavailable=False, cmake_clean_cache=False, cmake_clean_first=False, cmake_force_configure=False, ament_cmake_args=None, catkin_cmake_args=None, catkin_skip_building_tests=False, verb_parser=<colcon_defaults.argument_parser.defaults.DefaultArgumentsDecorator object at 0x76a46fc66320>, verb_extension=<colcon_core.verb.build.BuildVerb object at 0x76a46fd6f730>, main=<bound method BuildVerb.main of <colcon_core.verb.build.BuildVerb object at 0x76a46fd6f730>>)
[0.285s] Level 1:colcon.colcon_core.package_discovery:discover_packages(colcon_meta) check parameters
[0.285s] Level 1:colcon.colcon_core.package_discovery:discover_packages(recursive) check parameters
[0.285s] Level 1:colcon.colcon_core.package_discovery:discover_packages(ignore) check parameters
[0.285s] Level 1:colcon.colcon_core.package_discovery:discover_packages(path) check parameters
[0.285s] Level 1:colcon.colcon_core.package_discovery:discover_packages(colcon_meta) discover
[0.285s] Level 1:colcon.colcon_core.package_discovery:discover_packages(recursive) discover
[0.285s] INFO:colcon.colcon_core.package_discovery:Crawling recursively for packages in '/home/gary/HW_robotics_ws'
[0.285s] Level 1:colcon.colcon_core.package_identification:_identify(.) by extensions ['ignore', 'ignore_ament_install']
[0.285s] Level 1:colcon.colcon_core.package_identification:_identify(.) by extension 'ignore'
[0.285s] Level 1:colcon.colcon_core.package_identification:_identify(.) by extension 'ignore_ament_install'
[0.285s] Level 1:colcon.colcon_core.package_identification:_identify(.) by extensions ['colcon_pkg']
[0.285s] Level 1:colcon.colcon_core.package_identification:_identify(.) by extension 'colcon_pkg'
[0.285s] Level 1:colcon.colcon_core.package_identification:_identify(.) by extensions ['colcon_meta']
[0.285s] Level 1:colcon.colcon_core.package_identification:_identify(.) by extension 'colcon_meta'
[0.286s] Level 1:colcon.colcon_core.package_identification:_identify(.) by extensions ['ros']
[0.286s] Level 1:colcon.colcon_core.package_identification:_identify(.) by extension 'ros'
[0.294s] Level 1:colcon.colcon_core.package_identification:_identify(.) by extensions ['cmake', 'python']
[0.294s] Level 1:colcon.colcon_core.package_identification:_identify(.) by extension 'cmake'
[0.294s] Level 1:colcon.colcon_core.package_identification:_identify(.) by extension 'python'
[0.294s] Level 1:colcon.colcon_core.package_identification:_identify(.) by extensions ['python_setup_py']
[0.294s] Level 1:colcon.colcon_core.package_identification:_identify(.) by extension 'python_setup_py'
[0.294s] Level 1:colcon.colcon_core.package_identification:_identify(build) by extensions ['ignore', 'ignore_ament_install']
[0.294s] Level 1:colcon.colcon_core.package_identification:_identify(build) by extension 'ignore'
[0.294s] Level 1:colcon.colcon_core.package_identification:_identify(build) ignored
[0.294s] Level 1:colcon.colcon_core.package_identification:_identify(install) by extensions ['ignore', 'ignore_ament_install']
[0.294s] Level 1:colcon.colcon_core.package_identification:_identify(install) by extension 'ignore'
[0.294s] Level 1:colcon.colcon_core.package_identification:_identify(install) ignored
[0.295s] Level 1:colcon.colcon_core.package_identification:_identify(log) by extensions ['ignore', 'ignore_ament_install']
[0.295s] Level 1:colcon.colcon_core.package_identification:_identify(log) by extension 'ignore'
[0.295s] Level 1:colcon.colcon_core.package_identification:_identify(log) ignored
[0.295s] Level 1:colcon.colcon_core.package_identification:_identify(src) by extensions ['ignore', 'ignore_ament_install']
[0.295s] Level 1:colcon.colcon_core.package_identification:_identify(src) by extension 'ignore'
[0.295s] Level 1:colcon.colcon_core.package_identification:_identify(src) by extension 'ignore_ament_install'
[0.295s] Level 1:colcon.colcon_core.package_identification:_identify(src) by extensions ['colcon_pkg']
[0.295s] Level 1:colcon.colcon_core.package_identification:_identify(src) by extension 'colcon_pkg'
[0.295s] Level 1:colcon.colcon_core.package_identification:_identify(src) by extensions ['colcon_meta']
[0.295s] Level 1:colcon.colcon_core.package_identification:_identify(src) by extension 'colcon_meta'
[0.295s] Level 1:colcon.colcon_core.package_identification:_identify(src) by extensions ['ros']
[0.295s] Level 1:colcon.colcon_core.package_identification:_identify(src) by extension 'ros'
[0.295s] Level 1:colcon.colcon_core.package_identification:_identify(src) by extensions ['cmake', 'python']
[0.295s] Level 1:colcon.colcon_core.package_identification:_identify(src) by extension 'cmake'
[0.295s] Level 1:colcon.colcon_core.package_identification:_identify(src) by extension 'python'
[0.295s] Level 1:colcon.colcon_core.package_identification:_identify(src) by extensions ['python_setup_py']
[0.295s] Level 1:colcon.colcon_core.package_identification:_identify(src) by extension 'python_setup_py'
[0.295s] Level 1:colcon.colcon_core.package_identification:_identify(src/my_turtle_controller) by extensions ['ignore', 'ignore_ament_install']
[0.295s] Level 1:colcon.colcon_core.package_identification:_identify(src/my_turtle_controller) by extension 'ignore'
[0.295s] Level 1:colcon.colcon_core.package_identification:_identify(src/my_turtle_controller) by extension 'ignore_ament_install'
[0.295s] Level 1:colcon.colcon_core.package_identification:_identify(src/my_turtle_controller) by extensions ['colcon_pkg']
[0.295s] Level 1:colcon.colcon_core.package_identification:_identify(src/my_turtle_controller) by extension 'colcon_pkg'
[0.295s] Level 1:colcon.colcon_core.package_identification:_identify(src/my_turtle_controller) by extensions ['colcon_meta']
[0.295s] Level 1:colcon.colcon_core.package_identification:_identify(src/my_turtle_controller) by extension 'colcon_meta'
[0.296s] Level 1:colcon.colcon_core.package_identification:_identify(src/my_turtle_controller) by extensions ['ros']
[0.296s] Level 1:colcon.colcon_core.package_identification:_identify(src/my_turtle_controller) by extension 'ros'
[0.297s] DEBUG:colcon.colcon_core.package_identification:Package 'src/my_turtle_controller' with type 'ros.ament_python' and name 'my_turtle_controller'
[0.297s] Level 1:colcon.colcon_core.package_identification:_identify(src/myplan) by extensions ['ignore', 'ignore_ament_install']
[0.297s] Level 1:colcon.colcon_core.package_identification:_identify(src/myplan) by extension 'ignore'
[0.297s] Level 1:colcon.colcon_core.package_identification:_identify(src/myplan) by extension 'ignore_ament_install'
[0.298s] Level 1:colcon.colcon_core.package_identification:_identify(src/myplan) by extensions ['colcon_pkg']
[0.298s] Level 1:colcon.colcon_core.package_identification:_identify(src/myplan) by extension 'colcon_pkg'
[0.298s] Level 1:colcon.colcon_core.package_identification:_identify(src/myplan) by extensions ['colcon_meta']
[0.298s] Level 1:colcon.colcon_core.package_identification:_identify(src/myplan) by extension 'colcon_meta'
[0.298s] Level 1:colcon.colcon_core.package_identification:_identify(src/myplan) by extensions ['ros']
[0.298s] Level 1:colcon.colcon_core.package_identification:_identify(src/myplan) by extension 'ros'
[0.298s] DEBUG:colcon.colcon_core.package_identification:Package 'src/myplan' with type 'ros.ament_cmake' and name 'myplan'
[0.298s] Level 1:colcon.colcon_core.package_identification:_identify(src/myrobot) by extensions ['ignore', 'ignore_ament_install']
[0.298s] Level 1:colcon.colcon_core.package_identification:_identify(src/myrobot) by extension 'ignore'
[0.298s] Level 1:colcon.colcon_core.package_identification:_identify(src/myrobot) by extension 'ignore_ament_install'
[0.298s] Level 1:colcon.colcon_core.package_identification:_identify(src/myrobot) by extensions ['colcon_pkg']
[0.298s] Level 1:colcon.colcon_core.package_identification:_identify(src/myrobot) by extension 'colcon_pkg'
[0.299s] Level 1:colcon.colcon_core.package_identification:_identify(src/myrobot) by extensions ['colcon_meta']
[0.299s] Level 1:colcon.colcon_core.package_identification:_identify(src/myrobot) by extension 'colcon_meta'
[0.299s] Level 1:colcon.colcon_core.package_identification:_identify(src/myrobot) by extensions ['ros']
[0.299s] Level 1:colcon.colcon_core.package_identification:_identify(src/myrobot) by extension 'ros'
[0.299s] DEBUG:colcon.colcon_core.package_identification:Package 'src/myrobot' with type 'ros.ament_python' and name 'myrobot'
[0.299s] Level 1:colcon.colcon_core.package_identification:_identify(src/voicegpt) by extensions ['ignore', 'ignore_ament_install']
[0.299s] Level 1:colcon.colcon_core.package_identification:_identify(src/voicegpt) by extension 'ignore'
[0.299s] Level 1:colcon.colcon_core.package_identification:_identify(src/voicegpt) by extension 'ignore_ament_install'
[0.299s] Level 1:colcon.colcon_core.package_identification:_identify(src/voicegpt) by extensions ['colcon_pkg']
[0.299s] Level 1:colcon.colcon_core.package_identification:_identify(src/voicegpt) by extension 'colcon_pkg'
[0.299s] Level 1:colcon.colcon_core.package_identification:_identify(src/voicegpt) by extensions ['colcon_meta']
[0.299s] Level 1:colcon.colcon_core.package_identification:_identify(src/voicegpt) by extension 'colcon_meta'
[0.299s] Level 1:colcon.colcon_core.package_identification:_identify(src/voicegpt) by extensions ['ros']
[0.299s] Level 1:colcon.colcon_core.package_identification:_identify(src/voicegpt) by extension 'ros'
[0.300s] DEBUG:colcon.colcon_core.package_identification:Package 'src/voicegpt' with type 'ros.ament_python' and name 'voicegpt'
[0.300s] Level 1:colcon.colcon_core.package_discovery:discover_packages(recursive) using defaults
[0.300s] Level 1:colcon.colcon_core.package_discovery:discover_packages(ignore) discover
[0.300s] Level 1:colcon.colcon_core.package_discovery:discover_packages(ignore) using defaults
[0.300s] Level 1:colcon.colcon_core.package_discovery:discover_packages(path) discover
[0.300s] Level 1:colcon.colcon_core.package_discovery:discover_packages(path) using defaults
[0.327s] Level 1:colcon.colcon_core.package_discovery:discover_packages(prefix_path) check parameters
[0.327s] Level 1:colcon.colcon_core.package_discovery:discover_packages(prefix_path) discover
[0.329s] DEBUG:colcon.colcon_installed_package_information.package_discovery:Found 3 installed packages in /home/gary/HW_robotics_ws/install
[0.331s] DEBUG:colcon.colcon_installed_package_information.package_discovery:Found 365 installed packages in /opt/ros/humble
[0.332s] Level 1:colcon.colcon_core.package_discovery:discover_packages(prefix_path) using defaults
[0.362s] Level 5:colcon.colcon_core.verb:set package 'my_turtle_controller' build argument 'cmake_args' from command line to 'None'
[0.362s] Level 5:colcon.colcon_core.verb:set package 'my_turtle_controller' build argument 'cmake_target' from command line to 'None'
[0.362s] Level 5:colcon.colcon_core.verb:set package 'my_turtle_controller' build argument 'cmake_target_skip_unavailable' from command line to 'False'
[0.362s] Level 5:colcon.colcon_core.verb:set package 'my_turtle_controller' build argument 'cmake_clean_cache' from command line to 'False'
[0.362s] Level 5:colcon.colcon_core.verb:set package 'my_turtle_controller' build argument 'cmake_clean_first' from command line to 'False'
[0.362s] Level 5:colcon.colcon_core.verb:set package 'my_turtle_controller' build argument 'cmake_force_configure' from command line to 'False'
[0.362s] Level 5:colcon.colcon_core.verb:set package 'my_turtle_controller' build argument 'ament_cmake_args' from command line to 'None'
[0.362s] Level 5:colcon.colcon_core.verb:set package 'my_turtle_controller' build argument 'catkin_cmake_args' from command line to 'None'
[0.362s] Level 5:colcon.colcon_core.verb:set package 'my_turtle_controller' build argument 'catkin_skip_building_tests' from command line to 'False'
[0.362s] DEBUG:colcon.colcon_core.verb:Building package 'my_turtle_controller' with the following arguments: {'ament_cmake_args': None, 'build_base': '/home/gary/HW_robotics_ws/build/my_turtle_controller', 'catkin_cmake_args': None, 'catkin_skip_building_tests': False, 'cmake_args': None, 'cmake_clean_cache': False, 'cmake_clean_first': False, 'cmake_force_configure': False, 'cmake_target': None, 'cmake_target_skip_unavailable': False, 'install_base': '/home/gary/HW_robotics_ws/install/my_turtle_controller', 'merge_install': False, 'path': '/home/gary/HW_robotics_ws/src/my_turtle_controller', 'symlink_install': True, 'test_result_base': None}
[0.363s] Level 5:colcon.colcon_core.verb:set package 'myplan' build argument 'cmake_args' from command line to 'None'
[0.363s] Level 5:colcon.colcon_core.verb:set package 'myplan' build argument 'cmake_target' from command line to 'None'
[0.363s] Level 5:colcon.colcon_core.verb:set package 'myplan' build argument 'cmake_target_skip_unavailable' from command line to 'False'
[0.363s] Level 5:colcon.colcon_core.verb:set package 'myplan' build argument 'cmake_clean_cache' from command line to 'False'
[0.363s] Level 5:colcon.colcon_core.verb:set package 'myplan' build argument 'cmake_clean_first' from command line to 'False'
[0.363s] Level 5:colcon.colcon_core.verb:set package 'myplan' build argument 'cmake_force_configure' from command line to 'False'
[0.363s] Level 5:colcon.colcon_core.verb:set package 'myplan' build argument 'ament_cmake_args' from command line to 'None'
[0.363s] Level 5:colcon.colcon_core.verb:set package 'myplan' build argument 'catkin_cmake_args' from command line to 'None'
[0.363s] Level 5:colcon.colcon_core.verb:set package 'myplan' build argument 'catkin_skip_building_tests' from command line to 'False'
[0.363s] DEBUG:colcon.colcon_core.verb:Building package 'myplan' with the following arguments: {'ament_cmake_args': None, 'build_base': '/home/gary/HW_robotics_ws/build/myplan', 'catkin_cmake_args': None, 'catkin_skip_building_tests': False, 'cmake_args': None, 'cmake_clean_cache': False, 'cmake_clean_first': False, 'cmake_force_configure': False, 'cmake_target': None, 'cmake_target_skip_unavailable': False, 'install_base': '/home/gary/HW_robotics_ws/install/myplan', 'merge_install': False, 'path': '/home/gary/HW_robotics_ws/src/myplan', 'symlink_install': True, 'test_result_base': None}
[0.363s] Level 5:colcon.colcon_core.verb:set package 'myrobot' build argument 'cmake_args' from command line to 'None'
[0.363s] Level 5:colcon.colcon_core.verb:set package 'myrobot' build argument 'cmake_target' from command line to 'None'
[0.363s] Level 5:colcon.colcon_core.verb:set package 'myrobot' build argument 'cmake_target_skip_unavailable' from command line to 'False'
[0.363s] Level 5:colcon.colcon_core.verb:set package 'myrobot' build argument 'cmake_clean_cache' from command line to 'False'
[0.363s] Level 5:colcon.colcon_core.verb:set package 'myrobot' build argument 'cmake_clean_first' from command line to 'False'
[0.363s] Level 5:colcon.colcon_core.verb:set package 'myrobot' build argument 'cmake_force_configure' from command line to 'False'
[0.363s] Level 5:colcon.colcon_core.verb:set package 'myrobot' build argument 'ament_cmake_args' from command line to 'None'
[0.363s] Level 5:colcon.colcon_core.verb:set package 'myrobot' build argument 'catkin_cmake_args' from command line to 'None'
[0.363s] Level 5:colcon.colcon_core.verb:set package 'myrobot' build argument 'catkin_skip_building_tests' from command line to 'False'
[0.363s] DEBUG:colcon.colcon_core.verb:Building package 'myrobot' with the following arguments: {'ament_cmake_args': None, 'build_base': '/home/gary/HW_robotics_ws/build/myrobot', 'catkin_cmake_args': None, 'catkin_skip_building_tests': False, 'cmake_args': None, 'cmake_clean_cache': False, 'cmake_clean_first': False, 'cmake_force_configure': False, 'cmake_target': None, 'cmake_target_skip_unavailable': False, 'install_base': '/home/gary/HW_robotics_ws/install/myrobot', 'merge_install': False, 'path': '/home/gary/HW_robotics_ws/src/myrobot', 'symlink_install': True, 'test_result_base': None}
[0.363s] Level 5:colcon.colcon_core.verb:set package 'voicegpt' build argument 'cmake_args' from command line to 'None'
[0.363s] Level 5:colcon.colcon_core.verb:set package 'voicegpt' build argument 'cmake_target' from command line to 'None'
[0.363s] Level 5:colcon.colcon_core.verb:set package 'voicegpt' build argument 'cmake_target_skip_unavailable' from command line to 'False'
[0.363s] Level 5:colcon.colcon_core.verb:set package 'voicegpt' build argument 'cmake_clean_cache' from command line to 'False'
[0.363s] Level 5:colcon.colcon_core.verb:set package 'voicegpt' build argument 'cmake_clean_first' from command line to 'False'
[0.363s] Level 5:colcon.colcon_core.verb:set package 'voicegpt' build argument 'cmake_force_configure' from command line to 'False'
[0.363s] Level 5:colcon.colcon_core.verb:set package 'voicegpt' build argument 'ament_cmake_args' from command line to 'None'
[0.363s] Level 5:colcon.colcon_core.verb:set package 'voicegpt' build argument 'catkin_cmake_args' from command line to 'None'
[0.364s] Level 5:colcon.colcon_core.verb:set package 'voicegpt' build argument 'catkin_skip_building_tests' from command line to 'False'
[0.364s] DEBUG:colcon.colcon_core.verb:Building package 'voicegpt' with the following arguments: {'ament_cmake_args': None, 'build_base': '/home/gary/HW_robotics_ws/build/voicegpt', 'catkin_cmake_args': None, 'catkin_skip_building_tests': False, 'cmake_args': None, 'cmake_clean_cache': False, 'cmake_clean_first': False, 'cmake_force_configure': False, 'cmake_target': None, 'cmake_target_skip_unavailable': False, 'install_base': '/home/gary/HW_robotics_ws/install/voicegpt', 'merge_install': False, 'path': '/home/gary/HW_robotics_ws/src/voicegpt', 'symlink_install': True, 'test_result_base': None}
[0.364s] INFO:colcon.colcon_core.executor:Executing jobs using 'parallel' executor
[0.364s] DEBUG:colcon.colcon_parallel_executor.executor.parallel:run_until_complete
[0.365s] INFO:colcon.colcon_ros.task.ament_python.build:Building ROS package in '/home/gary/HW_robotics_ws/src/my_turtle_controller' with build type 'ament_python'
[0.365s] Level 1:colcon.colcon_core.shell:create_environment_hook('my_turtle_controller', 'ament_prefix_path')
[0.368s] INFO:colcon.colcon_core.plugin_system:Skipping extension 'colcon_core.shell.bat': Not used on non-Windows systems
[0.368s] INFO:colcon.colcon_core.shell:Creating environment hook '/home/gary/HW_robotics_ws/install/my_turtle_controller/share/my_turtle_controller/hook/ament_prefix_path.ps1'
[0.369s] INFO:colcon.colcon_core.shell:Creating environment descriptor '/home/gary/HW_robotics_ws/install/my_turtle_controller/share/my_turtle_controller/hook/ament_prefix_path.dsv'
[0.369s] INFO:colcon.colcon_core.shell:Creating environment hook '/home/gary/HW_robotics_ws/install/my_turtle_controller/share/my_turtle_controller/hook/ament_prefix_path.sh'
[0.370s] INFO:colcon.colcon_core.shell:Skip shell extension 'powershell' for command environment: Not usable outside of PowerShell
[0.370s] DEBUG:colcon.colcon_core.shell:Skip shell extension 'dsv' for command environment
[0.373s] INFO:colcon.colcon_ros.task.ament_cmake.build:Building ROS package in '/home/gary/HW_robotics_ws/src/myplan' with build type 'ament_cmake'
[0.373s] INFO:colcon.colcon_cmake.task.cmake.build:Building CMake package in '/home/gary/HW_robotics_ws/src/myplan'
[0.373s] INFO:colcon.colcon_core.shell:Skip shell extension 'powershell' for command environment: Not usable outside of PowerShell
[0.373s] DEBUG:colcon.colcon_core.shell:Skip shell extension 'dsv' for command environment
[0.375s] INFO:colcon.colcon_ros.task.ament_python.build:Building ROS package in '/home/gary/HW_robotics_ws/src/myrobot' with build type 'ament_python'
[0.376s] Level 1:colcon.colcon_core.shell:create_environment_hook('myrobot', 'ament_prefix_path')
[0.376s] INFO:colcon.colcon_core.shell:Creating environment hook '/home/gary/HW_robotics_ws/install/myrobot/share/myrobot/hook/ament_prefix_path.ps1'
[0.376s] INFO:colcon.colcon_core.shell:Creating environment descriptor '/home/gary/HW_robotics_ws/install/myrobot/share/myrobot/hook/ament_prefix_path.dsv'
[0.376s] INFO:colcon.colcon_core.shell:Creating environment hook '/home/gary/HW_robotics_ws/install/myrobot/share/myrobot/hook/ament_prefix_path.sh'
[0.377s] INFO:colcon.colcon_core.shell:Skip shell extension 'powershell' for command environment: Not usable outside of PowerShell
[0.377s] DEBUG:colcon.colcon_core.shell:Skip shell extension 'dsv' for command environment
[0.379s] INFO:colcon.colcon_ros.task.ament_python.build:Building ROS package in '/home/gary/HW_robotics_ws/src/voicegpt' with build type 'ament_python'
[0.380s] Level 1:colcon.colcon_core.shell:create_environment_hook('voicegpt', 'ament_prefix_path')
[0.380s] INFO:colcon.colcon_core.shell:Creating environment hook '/home/gary/HW_robotics_ws/install/voicegpt/share/voicegpt/hook/ament_prefix_path.ps1'
[0.380s] INFO:colcon.colcon_core.shell:Creating environment descriptor '/home/gary/HW_robotics_ws/install/voicegpt/share/voicegpt/hook/ament_prefix_path.dsv'
[0.380s] INFO:colcon.colcon_core.shell:Creating environment hook '/home/gary/HW_robotics_ws/install/voicegpt/share/voicegpt/hook/ament_prefix_path.sh'
[0.381s] INFO:colcon.colcon_core.shell:Skip shell extension 'powershell' for command environment: Not usable outside of PowerShell
[0.381s] DEBUG:colcon.colcon_core.shell:Skip shell extension 'dsv' for command environment
[0.567s] INFO:colcon.colcon_core.task.python.build:Building Python package in '/home/gary/HW_robotics_ws/src/my_turtle_controller'
[0.567s] INFO:colcon.colcon_core.shell:Skip shell extension 'powershell' for command environment: Not usable outside of PowerShell
[0.567s] DEBUG:colcon.colcon_core.shell:Skip shell extension 'dsv' for command environment
[0.572s] DEBUG:colcon.colcon_core.event_handler.log_command:Invoking command in '/home/gary/HW_robotics_ws/build/myplan': CMAKE_PREFIX_PATH=/home/gary/HW_robotics_ws/install/voicegpt:/home/gary/HW_robotics_ws/install/myrobot:/home/gary/HW_robotics_ws/install/my_turtle_controller:/opt/ros/humble /usr/bin/cmake /home/gary/HW_robotics_ws/src/myplan -DAMENT_CMAKE_SYMLINK_INSTALL=1 -DCMAKE_INSTALL_PREFIX=/home/gary/HW_robotics_ws/install/myplan
[0.759s] INFO:colcon.colcon_core.task.python.build:Building Python package in '/home/gary/HW_robotics_ws/src/myrobot'
[0.759s] INFO:colcon.colcon_core.shell:Skip shell extension 'powershell' for command environment: Not usable outside of PowerShell
[0.759s] DEBUG:colcon.colcon_core.shell:Skip shell extension 'dsv' for command environment
[0.946s] INFO:colcon.colcon_core.task.python.build:Building Python package in '/home/gary/HW_robotics_ws/src/voicegpt'
[0.947s] INFO:colcon.colcon_core.shell:Skip shell extension 'powershell' for command environment: Not usable outside of PowerShell
[0.947s] DEBUG:colcon.colcon_core.shell:Skip shell extension 'dsv' for command environment
[1.162s] DEBUG:colcon.colcon_core.event_handler.log_command:Invoked command in '/home/gary/HW_robotics_ws/build/myplan' returned '0': CMAKE_PREFIX_PATH=/home/gary/HW_robotics_ws/install/voicegpt:/home/gary/HW_robotics_ws/install/myrobot:/home/gary/HW_robotics_ws/install/my_turtle_controller:/opt/ros/humble /usr/bin/cmake /home/gary/HW_robotics_ws/src/myplan -DAMENT_CMAKE_SYMLINK_INSTALL=1 -DCMAKE_INSTALL_PREFIX=/home/gary/HW_robotics_ws/install/myplan
[1.163s] DEBUG:colcon.colcon_core.event_handler.log_command:Invoking command in '/home/gary/HW_robotics_ws/build/myplan': CMAKE_PREFIX_PATH=/home/gary/HW_robotics_ws/install/voicegpt:/home/gary/HW_robotics_ws/install/myrobot:/home/gary/HW_robotics_ws/install/my_turtle_controller:/opt/ros/humble /usr/bin/cmake --build /home/gary/HW_robotics_ws/build/myplan -- -j16 -l16
[1.199s] DEBUG:colcon.colcon_core.event_handler.log_command:Invoked command in '/home/gary/HW_robotics_ws/build/myplan' returned '0': CMAKE_PREFIX_PATH=/home/gary/HW_robotics_ws/install/voicegpt:/home/gary/HW_robotics_ws/install/myrobot:/home/gary/HW_robotics_ws/install/my_turtle_controller:/opt/ros/humble /usr/bin/cmake --build /home/gary/HW_robotics_ws/build/myplan -- -j16 -l16
[1.208s] DEBUG:colcon.colcon_core.event_handler.log_command:Invoking command in '/home/gary/HW_robotics_ws/build/myplan': CMAKE_PREFIX_PATH=/home/gary/HW_robotics_ws/install/voicegpt:/home/gary/HW_robotics_ws/install/myrobot:/home/gary/HW_robotics_ws/install/my_turtle_controller:/opt/ros/humble /usr/bin/cmake --install /home/gary/HW_robotics_ws/build/myplan
[1.281s] DEBUG:colcon.colcon_core.event_handler.log_command:Invoking command in '/home/gary/HW_robotics_ws/build/myrobot': PYTHONPATH=/home/gary/HW_robotics_ws/build/myrobot/prefix_override:/usr/lib/python3/dist-packages/colcon_core/task/python/colcon_distutils_commands:/home/gary/HW_robotics_ws/install/myrobot/lib/python3.10/site-packages:${PYTHONPATH} /usr/bin/python3 -W ignore:setup.py install is deprecated -W ignore:easy_install command is deprecated setup.py develop --editable --build-directory /home/gary/HW_robotics_ws/build/myrobot/build --no-deps symlink_data
[1.283s] DEBUG:colcon.colcon_core.event_handler.log_command:Invoking command in '/home/gary/HW_robotics_ws/build/voicegpt': PYTHONPATH=/home/gary/HW_robotics_ws/build/voicegpt/prefix_override:/usr/lib/python3/dist-packages/colcon_core/task/python/colcon_distutils_commands:/home/gary/HW_robotics_ws/install/voicegpt/lib/python3.10/site-packages:${PYTHONPATH} /usr/bin/python3 -W ignore:setup.py install is deprecated -W ignore:easy_install command is deprecated setup.py develop --editable --build-directory /home/gary/HW_robotics_ws/build/voicegpt/build --no-deps symlink_data
[1.285s] DEBUG:colcon.colcon_core.event_handler.log_command:Invoking command in '/home/gary/HW_robotics_ws/build/my_turtle_controller': PYTHONPATH=/home/gary/HW_robotics_ws/build/my_turtle_controller/prefix_override:/usr/lib/python3/dist-packages/colcon_core/task/python/colcon_distutils_commands:/home/gary/HW_robotics_ws/install/my_turtle_controller/lib/python3.10/site-packages:${PYTHONPATH} /usr/bin/python3 -W ignore:setup.py install is deprecated -W ignore:easy_install command is deprecated setup.py develop --editable --build-directory /home/gary/HW_robotics_ws/build/my_turtle_controller/build --no-deps symlink_data
[1.496s] Level 1:colcon.colcon_core.environment:create_environment_scripts_only(myplan)
[1.497s] DEBUG:colcon.colcon_core.event_handler.log_command:Invoked command in '/home/gary/HW_robotics_ws/build/myplan' returned '0': CMAKE_PREFIX_PATH=/home/gary/HW_robotics_ws/install/voicegpt:/home/gary/HW_robotics_ws/install/myrobot:/home/gary/HW_robotics_ws/install/my_turtle_controller:/opt/ros/humble /usr/bin/cmake --install /home/gary/HW_robotics_ws/build/myplan
[1.500s] Level 1:colcon.colcon_core.environment:checking '/home/gary/HW_robotics_ws/install/myplan' for CMake module files
[1.500s] Level 1:colcon.colcon_core.environment:checking '/home/gary/HW_robotics_ws/install/myplan' for CMake config files
[1.501s] Level 1:colcon.colcon_core.shell:create_environment_hook('myplan', 'cmake_prefix_path')
[1.501s] INFO:colcon.colcon_core.shell:Creating environment hook '/home/gary/HW_robotics_ws/install/myplan/share/myplan/hook/cmake_prefix_path.ps1'
[1.501s] INFO:colcon.colcon_core.shell:Creating environment descriptor '/home/gary/HW_robotics_ws/install/myplan/share/myplan/hook/cmake_prefix_path.dsv'
[1.501s] INFO:colcon.colcon_core.shell:Creating environment hook '/home/gary/HW_robotics_ws/install/myplan/share/myplan/hook/cmake_prefix_path.sh'
[1.502s] Level 1:colcon.colcon_core.environment:checking '/home/gary/HW_robotics_ws/install/myplan/bin'
[1.502s] Level 1:colcon.colcon_core.environment:checking '/home/gary/HW_robotics_ws/install/myplan/lib/pkgconfig/myplan.pc'
[1.502s] Level 1:colcon.colcon_core.environment:checking '/home/gary/HW_robotics_ws/install/myplan/lib/python3.10/site-packages'
[1.502s] Level 1:colcon.colcon_core.environment:checking '/home/gary/HW_robotics_ws/install/myplan/bin'
[1.503s] INFO:colcon.colcon_core.shell:Creating package script '/home/gary/HW_robotics_ws/install/myplan/share/myplan/package.ps1'
[1.503s] INFO:colcon.colcon_core.shell:Creating package descriptor '/home/gary/HW_robotics_ws/install/myplan/share/myplan/package.dsv'
[1.504s] INFO:colcon.colcon_core.shell:Creating package script '/home/gary/HW_robotics_ws/install/myplan/share/myplan/package.sh'
[1.504s] INFO:colcon.colcon_core.shell:Creating package script '/home/gary/HW_robotics_ws/install/myplan/share/myplan/package.bash'
[1.505s] INFO:colcon.colcon_core.shell:Creating package script '/home/gary/HW_robotics_ws/install/myplan/share/myplan/package.zsh'
[1.506s] Level 1:colcon.colcon_core.environment:create_file_with_runtime_dependencies(/home/gary/HW_robotics_ws/install/myplan/share/colcon-core/packages/myplan)
[1.506s] Level 1:colcon.colcon_core.environment:create_environment_scripts_only(myplan)
[1.506s] Level 1:colcon.colcon_core.environment:checking '/home/gary/HW_robotics_ws/install/myplan' for CMake module files
[1.506s] Level 1:colcon.colcon_core.environment:checking '/home/gary/HW_robotics_ws/install/myplan' for CMake config files
[1.507s] Level 1:colcon.colcon_core.shell:create_environment_hook('myplan', 'cmake_prefix_path')
[1.507s] INFO:colcon.colcon_core.shell:Creating environment hook '/home/gary/HW_robotics_ws/install/myplan/share/myplan/hook/cmake_prefix_path.ps1'
[1.507s] INFO:colcon.colcon_core.shell:Creating environment descriptor '/home/gary/HW_robotics_ws/install/myplan/share/myplan/hook/cmake_prefix_path.dsv'
[1.507s] INFO:colcon.colcon_core.shell:Creating environment hook '/home/gary/HW_robotics_ws/install/myplan/share/myplan/hook/cmake_prefix_path.sh'
[1.508s] Level 1:colcon.colcon_core.environment:checking '/home/gary/HW_robotics_ws/install/myplan/bin'
[1.508s] Level 1:colcon.colcon_core.environment:checking '/home/gary/HW_robotics_ws/install/myplan/lib/pkgconfig/myplan.pc'
[1.508s] Level 1:colcon.colcon_core.environment:checking '/home/gary/HW_robotics_ws/install/myplan/lib/python3.10/site-packages'
[1.508s] Level 1:colcon.colcon_core.environment:checking '/home/gary/HW_robotics_ws/install/myplan/bin'
[1.508s] INFO:colcon.colcon_core.shell:Creating package script '/home/gary/HW_robotics_ws/install/myplan/share/myplan/package.ps1'
[1.509s] INFO:colcon.colcon_core.shell:Creating package descriptor '/home/gary/HW_robotics_ws/install/myplan/share/myplan/package.dsv'
[1.509s] INFO:colcon.colcon_core.shell:Creating package script '/home/gary/HW_robotics_ws/install/myplan/share/myplan/package.sh'
[1.509s] INFO:colcon.colcon_core.shell:Creating package script '/home/gary/HW_robotics_ws/install/myplan/share/myplan/package.bash'
[1.510s] INFO:colcon.colcon_core.shell:Creating package script '/home/gary/HW_robotics_ws/install/myplan/share/myplan/package.zsh'
[1.510s] Level 1:colcon.colcon_core.environment:create_file_with_runtime_dependencies(/home/gary/HW_robotics_ws/install/myplan/share/colcon-core/packages/myplan)
[1.630s] Level 1:colcon.colcon_core.shell:create_environment_hook('voicegpt', 'pythonpath_develop')
[1.630s] INFO:colcon.colcon_core.shell:Creating environment hook '/home/gary/HW_robotics_ws/build/voicegpt/share/voicegpt/hook/pythonpath_develop.ps1'
[1.631s] DEBUG:colcon.colcon_core.event_handler.log_command:Invoked command in '/home/gary/HW_robotics_ws/build/voicegpt' returned '0': PYTHONPATH=/home/gary/HW_robotics_ws/build/voicegpt/prefix_override:/usr/lib/python3/dist-packages/colcon_core/task/python/colcon_distutils_commands:/home/gary/HW_robotics_ws/install/voicegpt/lib/python3.10/site-packages:${PYTHONPATH} /usr/bin/python3 -W ignore:setup.py install is deprecated -W ignore:easy_install command is deprecated setup.py develop --editable --build-directory /home/gary/HW_robotics_ws/build/voicegpt/build --no-deps symlink_data
[1.631s] INFO:colcon.colcon_core.shell:Creating environment descriptor '/home/gary/HW_robotics_ws/build/voicegpt/share/voicegpt/hook/pythonpath_develop.dsv'
[1.632s] INFO:colcon.colcon_core.shell:Creating environment hook '/home/gary/HW_robotics_ws/build/voicegpt/share/voicegpt/hook/pythonpath_develop.sh'
[1.632s] Level 1:colcon.colcon_core.environment:checking '/home/gary/HW_robotics_ws/install/voicegpt' for CMake module files
[1.632s] Level 1:colcon.colcon_core.environment:checking '/home/gary/HW_robotics_ws/install/voicegpt' for CMake config files
[1.633s] Level 1:colcon.colcon_core.environment:checking '/home/gary/HW_robotics_ws/install/voicegpt/lib'
[1.633s] Level 1:colcon.colcon_core.environment:checking '/home/gary/HW_robotics_ws/install/voicegpt/bin'
[1.633s] Level 1:colcon.colcon_core.environment:checking '/home/gary/HW_robotics_ws/install/voicegpt/lib/pkgconfig/voicegpt.pc'
[1.633s] Level 1:colcon.colcon_core.environment:checking '/home/gary/HW_robotics_ws/install/voicegpt/lib/python3.10/site-packages'
[1.633s] Level 1:colcon.colcon_core.shell:create_environment_hook('voicegpt', 'pythonpath')
[1.633s] INFO:colcon.colcon_core.shell:Creating environment hook '/home/gary/HW_robotics_ws/install/voicegpt/share/voicegpt/hook/pythonpath.ps1'
[1.634s] INFO:colcon.colcon_core.shell:Creating environment descriptor '/home/gary/HW_robotics_ws/install/voicegpt/share/voicegpt/hook/pythonpath.dsv'
[1.634s] INFO:colcon.colcon_core.shell:Creating environment hook '/home/gary/HW_robotics_ws/install/voicegpt/share/voicegpt/hook/pythonpath.sh'
[1.634s] Level 1:colcon.colcon_core.environment:checking '/home/gary/HW_robotics_ws/install/voicegpt/bin'
[1.634s] Level 1:colcon.colcon_core.environment:create_environment_scripts_only(voicegpt)
[1.635s] INFO:colcon.colcon_core.shell:Creating package script '/home/gary/HW_robotics_ws/install/voicegpt/share/voicegpt/package.ps1'
[1.635s] INFO:colcon.colcon_core.shell:Creating package descriptor '/home/gary/HW_robotics_ws/install/voicegpt/share/voicegpt/package.dsv'
[1.635s] INFO:colcon.colcon_core.shell:Creating package script '/home/gary/HW_robotics_ws/install/voicegpt/share/voicegpt/package.sh'
[1.636s] INFO:colcon.colcon_core.shell:Creating package script '/home/gary/HW_robotics_ws/install/voicegpt/share/voicegpt/package.bash'
[1.636s] INFO:colcon.colcon_core.shell:Creating package script '/home/gary/HW_robotics_ws/install/voicegpt/share/voicegpt/package.zsh'
[1.636s] Level 1:colcon.colcon_core.environment:create_file_with_runtime_dependencies(/home/gary/HW_robotics_ws/install/voicegpt/share/colcon-core/packages/voicegpt)
[1.637s] Level 1:colcon.colcon_core.shell:create_environment_hook('myrobot', 'pythonpath_develop')
[1.637s] INFO:colcon.colcon_core.shell:Creating environment hook '/home/gary/HW_robotics_ws/build/myrobot/share/myrobot/hook/pythonpath_develop.ps1'
[1.637s] INFO:colcon.colcon_core.shell:Creating environment descriptor '/home/gary/HW_robotics_ws/build/myrobot/share/myrobot/hook/pythonpath_develop.dsv'
[1.638s] DEBUG:colcon.colcon_core.event_handler.log_command:Invoked command in '/home/gary/HW_robotics_ws/build/myrobot' returned '0': PYTHONPATH=/home/gary/HW_robotics_ws/build/myrobot/prefix_override:/usr/lib/python3/dist-packages/colcon_core/task/python/colcon_distutils_commands:/home/gary/HW_robotics_ws/install/myrobot/lib/python3.10/site-packages:${PYTHONPATH} /usr/bin/python3 -W ignore:setup.py install is deprecated -W ignore:easy_install command is deprecated setup.py develop --editable --build-directory /home/gary/HW_robotics_ws/build/myrobot/build --no-deps symlink_data
[1.638s] INFO:colcon.colcon_core.shell:Creating environment hook '/home/gary/HW_robotics_ws/build/myrobot/share/myrobot/hook/pythonpath_develop.sh'
[1.638s] Level 1:colcon.colcon_core.environment:checking '/home/gary/HW_robotics_ws/install/myrobot' for CMake module files
[1.639s] Level 1:colcon.colcon_core.environment:checking '/home/gary/HW_robotics_ws/install/myrobot' for CMake config files
[1.639s] Level 1:colcon.colcon_core.environment:checking '/home/gary/HW_robotics_ws/install/myrobot/lib'
[1.639s] Level 1:colcon.colcon_core.environment:checking '/home/gary/HW_robotics_ws/install/myrobot/bin'
[1.639s] Level 1:colcon.colcon_core.environment:checking '/home/gary/HW_robotics_ws/install/myrobot/lib/pkgconfig/myrobot.pc'
[1.639s] Level 1:colcon.colcon_core.environment:checking '/home/gary/HW_robotics_ws/install/myrobot/lib/python3.10/site-packages'
[1.639s] Level 1:colcon.colcon_core.shell:create_environment_hook('myrobot', 'pythonpath')
[1.640s] INFO:colcon.colcon_core.shell:Creating environment hook '/home/gary/HW_robotics_ws/install/myrobot/share/myrobot/hook/pythonpath.ps1'
[1.640s] INFO:colcon.colcon_core.shell:Creating environment descriptor '/home/gary/HW_robotics_ws/install/myrobot/share/myrobot/hook/pythonpath.dsv'
[1.640s] INFO:colcon.colcon_core.shell:Creating environment hook '/home/gary/HW_robotics_ws/install/myrobot/share/myrobot/hook/pythonpath.sh'
[1.640s] Level 1:colcon.colcon_core.environment:checking '/home/gary/HW_robotics_ws/install/myrobot/bin'
[1.641s] Level 1:colcon.colcon_core.environment:create_environment_scripts_only(myrobot)
[1.641s] INFO:colcon.colcon_core.shell:Creating package script '/home/gary/HW_robotics_ws/install/myrobot/share/myrobot/package.ps1'
[1.641s] INFO:colcon.colcon_core.shell:Creating package descriptor '/home/gary/HW_robotics_ws/install/myrobot/share/myrobot/package.dsv'
[1.641s] INFO:colcon.colcon_core.shell:Creating package script '/home/gary/HW_robotics_ws/install/myrobot/share/myrobot/package.sh'
[1.642s] INFO:colcon.colcon_core.shell:Creating package script '/home/gary/HW_robotics_ws/install/myrobot/share/myrobot/package.bash'
[1.642s] INFO:colcon.colcon_core.shell:Creating package script '/home/gary/HW_robotics_ws/install/myrobot/share/myrobot/package.zsh'
[1.642s] Level 1:colcon.colcon_core.environment:create_file_with_runtime_dependencies(/home/gary/HW_robotics_ws/install/myrobot/share/colcon-core/packages/myrobot)
[1.643s] Level 1:colcon.colcon_core.shell:create_environment_hook('my_turtle_controller', 'pythonpath_develop')
[1.643s] INFO:colcon.colcon_core.shell:Creating environment hook '/home/gary/HW_robotics_ws/build/my_turtle_controller/share/my_turtle_controller/hook/pythonpath_develop.ps1'
[1.643s] INFO:colcon.colcon_core.shell:Creating environment descriptor '/home/gary/HW_robotics_ws/build/my_turtle_controller/share/my_turtle_controller/hook/pythonpath_develop.dsv'
[1.644s] DEBUG:colcon.colcon_core.event_handler.log_command:Invoked command in '/home/gary/HW_robotics_ws/build/my_turtle_controller' returned '0': PYTHONPATH=/home/gary/HW_robotics_ws/build/my_turtle_controller/prefix_override:/usr/lib/python3/dist-packages/colcon_core/task/python/colcon_distutils_commands:/home/gary/HW_robotics_ws/install/my_turtle_controller/lib/python3.10/site-packages:${PYTHONPATH} /usr/bin/python3 -W ignore:setup.py install is deprecated -W ignore:easy_install command is deprecated setup.py develop --editable --build-directory /home/gary/HW_robotics_ws/build/my_turtle_controller/build --no-deps symlink_data
[1.644s] INFO:colcon.colcon_core.shell:Creating environment hook '/home/gary/HW_robotics_ws/build/my_turtle_controller/share/my_turtle_controller/hook/pythonpath_develop.sh'
[1.644s] Level 1:colcon.colcon_core.environment:checking '/home/gary/HW_robotics_ws/install/my_turtle_controller' for CMake module files
[1.645s] Level 1:colcon.colcon_core.environment:checking '/home/gary/HW_robotics_ws/install/my_turtle_controller' for CMake config files
[1.645s] Level 1:colcon.colcon_core.environment:checking '/home/gary/HW_robotics_ws/install/my_turtle_controller/lib'
[1.645s] Level 1:colcon.colcon_core.environment:checking '/home/gary/HW_robotics_ws/install/my_turtle_controller/bin'
[1.645s] Level 1:colcon.colcon_core.environment:checking '/home/gary/HW_robotics_ws/install/my_turtle_controller/lib/pkgconfig/my_turtle_controller.pc'
[1.645s] Level 1:colcon.colcon_core.environment:checking '/home/gary/HW_robotics_ws/install/my_turtle_controller/lib/python3.10/site-packages'
[1.645s] Level 1:colcon.colcon_core.shell:create_environment_hook('my_turtle_controller', 'pythonpath')
[1.645s] INFO:colcon.colcon_core.shell:Creating environment hook '/home/gary/HW_robotics_ws/install/my_turtle_controller/share/my_turtle_controller/hook/pythonpath.ps1'
[1.646s] INFO:colcon.colcon_core.shell:Creating environment descriptor '/home/gary/HW_robotics_ws/install/my_turtle_controller/share/my_turtle_controller/hook/pythonpath.dsv'
[1.646s] INFO:colcon.colcon_core.shell:Creating environment hook '/home/gary/HW_robotics_ws/install/my_turtle_controller/share/my_turtle_controller/hook/pythonpath.sh'
[1.647s] Level 1:colcon.colcon_core.environment:checking '/home/gary/HW_robotics_ws/install/my_turtle_controller/bin'
[1.647s] Level 1:colcon.colcon_core.environment:create_environment_scripts_only(my_turtle_controller)
[1.647s] INFO:colcon.colcon_core.shell:Creating package script '/home/gary/HW_robotics_ws/install/my_turtle_controller/share/my_turtle_controller/package.ps1'
[1.648s] INFO:colcon.colcon_core.shell:Creating package descriptor '/home/gary/HW_robotics_ws/install/my_turtle_controller/share/my_turtle_controller/package.dsv'
[1.648s] INFO:colcon.colcon_core.shell:Creating package script '/home/gary/HW_robotics_ws/install/my_turtle_controller/share/my_turtle_controller/package.sh'
[1.648s] INFO:colcon.colcon_core.shell:Creating package script '/home/gary/HW_robotics_ws/install/my_turtle_controller/share/my_turtle_controller/package.bash'
[1.649s] INFO:colcon.colcon_core.shell:Creating package script '/home/gary/HW_robotics_ws/install/my_turtle_controller/share/my_turtle_controller/package.zsh'
[1.649s] Level 1:colcon.colcon_core.environment:create_file_with_runtime_dependencies(/home/gary/HW_robotics_ws/install/my_turtle_controller/share/colcon-core/packages/my_turtle_controller)
[1.649s] DEBUG:colcon.colcon_parallel_executor.executor.parallel:closing loop
[1.649s] DEBUG:colcon.colcon_parallel_executor.executor.parallel:loop closed
[1.649s] DEBUG:colcon.colcon_parallel_executor.executor.parallel:run_until_complete finished with '0'
[1.649s] DEBUG:colcon.colcon_core.event_reactor:joining thread
[1.654s] INFO:colcon.colcon_core.plugin_system:Skipping extension 'colcon_notification.desktop_notification.terminal_notifier': Not used on non-Darwin systems
[1.654s] INFO:colcon.colcon_core.plugin_system:Skipping extension 'colcon_notification.desktop_notification.win32': Not used on non-Windows systems
[1.654s] INFO:colcon.colcon_notification.desktop_notification:Sending desktop notification using 'notify2'
[1.667s] DEBUG:colcon.colcon_core.event_reactor:joined thread
[1.668s] INFO:colcon.colcon_core.shell:Creating prefix script '/home/gary/HW_robotics_ws/install/local_setup.ps1'
[1.669s] INFO:colcon.colcon_core.shell:Creating prefix util module '/home/gary/HW_robotics_ws/install/_local_setup_util_ps1.py'
[1.670s] INFO:colcon.colcon_core.shell:Creating prefix chain script '/home/gary/HW_robotics_ws/install/setup.ps1'
[1.671s] INFO:colcon.colcon_core.shell:Creating prefix script '/home/gary/HW_robotics_ws/install/local_setup.sh'
[1.672s] INFO:colcon.colcon_core.shell:Creating prefix util module '/home/gary/HW_robotics_ws/install/_local_setup_util_sh.py'
[1.672s] INFO:colcon.colcon_core.shell:Creating prefix chain script '/home/gary/HW_robotics_ws/install/setup.sh'
[1.673s] INFO:colcon.colcon_core.shell:Creating prefix script '/home/gary/HW_robotics_ws/install/local_setup.bash'
[1.673s] INFO:colcon.colcon_core.shell:Creating prefix chain script '/home/gary/HW_robotics_ws/install/setup.bash'
[1.674s] INFO:colcon.colcon_core.shell:Creating prefix script '/home/gary/HW_robotics_ws/install/local_setup.zsh'
[1.674s] INFO:colcon.colcon_core.shell:Creating prefix chain script '/home/gary/HW_robotics_ws/install/setup.zsh'
