[0.579s] Invoking command in '/home/gary/HW_robotics_ws/build/myrobot': PYTHONPATH=/home/gary/HW_robotics_ws/build/myrobot/prefix_override:/usr/lib/python3/dist-packages/colcon_core/task/python/colcon_distutils_commands:/home/gary/HW_robotics_ws/install/myrobot/lib/python3.10/site-packages:${PYTHONPATH} /usr/bin/python3 -W ignore:setup.py install is deprecated -W ignore:easy_install command is deprecated setup.py develop --editable --build-directory /home/gary/HW_robotics_ws/build/myrobot/build --no-deps symlink_data
[0.747s] running develop
[0.851s] running egg_info
[0.851s] creating myrobot.egg-info
[0.851s] writing myrobot.egg-info/PKG-INFO
[0.851s] writing dependency_links to myrobot.egg-info/dependency_links.txt
[0.851s] writing entry points to myrobot.egg-info/entry_points.txt
[0.852s] writing requirements to myrobot.egg-info/requires.txt
[0.852s] writing top-level names to myrobot.egg-info/top_level.txt
[0.852s] writing manifest file 'myrobot.egg-info/SOURCES.txt'
[0.853s] reading manifest file 'myrobot.egg-info/SOURCES.txt'
[0.853s] writing manifest file 'myrobot.egg-info/SOURCES.txt'
[0.854s] running build_ext
[0.854s] Creating /home/gary/HW_robotics_ws/install/myrobot/lib/python3.10/site-packages/myrobot.egg-link (link to .)
[0.855s] Installing kb_control script to /home/gary/HW_robotics_ws/install/myrobot/lib/myrobot
[0.855s] 
[0.855s] Installed /home/gary/HW_robotics_ws/build/myrobot
[0.855s] running symlink_data
[0.855s] creating /home/gary/HW_robotics_ws/install/myrobot/share/ament_index
[0.855s] creating /home/gary/HW_robotics_ws/install/myrobot/share/ament_index/resource_index
[0.855s] creating /home/gary/HW_robotics_ws/install/myrobot/share/ament_index/resource_index/packages
[0.855s] symbolically linking /home/gary/HW_robotics_ws/build/myrobot/resource/myrobot -> /home/gary/HW_robotics_ws/install/myrobot/share/ament_index/resource_index/packages
[0.855s] symbolically linking /home/gary/HW_robotics_ws/build/myrobot/package.xml -> /home/gary/HW_robotics_ws/install/myrobot/share/myrobot
[0.855s] creating /home/gary/HW_robotics_ws/install/myrobot/share/myrobot/launch
[0.855s] symbolically linking /home/gary/HW_robotics_ws/build/myrobot/launch/gazebo.launch.py -> /home/gary/HW_robotics_ws/install/myrobot/share/myrobot/launch
[0.855s] symbolically linking /home/gary/HW_robotics_ws/build/myrobot/launch/display.launch.py -> /home/gary/HW_robotics_ws/install/myrobot/share/myrobot/launch
[0.856s] creating /home/gary/HW_robotics_ws/install/myrobot/share/myrobot/urdf
[0.856s] symbolically linking /home/gary/HW_robotics_ws/build/myrobot/urdf/myrobot.gazebo -> /home/gary/HW_robotics_ws/install/myrobot/share/myrobot/urdf
[0.856s] symbolically linking /home/gary/HW_robotics_ws/build/myrobot/urdf/materials.xacro -> /home/gary/HW_robotics_ws/install/myrobot/share/myrobot/urdf
[0.856s] symbolically linking /home/gary/HW_robotics_ws/build/myrobot/urdf/myrobot.urdf -> /home/gary/HW_robotics_ws/install/myrobot/share/myrobot/urdf
[0.856s] symbolically linking /home/gary/HW_robotics_ws/build/myrobot/urdf/arm_for_moveit.xacro -> /home/gary/HW_robotics_ws/install/myrobot/share/myrobot/urdf
[0.856s] symbolically linking /home/gary/HW_robotics_ws/build/myrobot/urdf/myrobot.xacro -> /home/gary/HW_robotics_ws/install/myrobot/share/myrobot/urdf
[0.856s] creating /home/gary/HW_robotics_ws/install/myrobot/share/myrobot/meshes
[0.856s] symbolically linking /home/gary/HW_robotics_ws/build/myrobot/meshes/link2.stl -> /home/gary/HW_robotics_ws/install/myrobot/share/myrobot/meshes
[0.856s] symbolically linking /home/gary/HW_robotics_ws/build/myrobot/meshes/link3.stl -> /home/gary/HW_robotics_ws/install/myrobot/share/myrobot/meshes
[0.856s] symbolically linking /home/gary/HW_robotics_ws/build/myrobot/meshes/link1.stl -> /home/gary/HW_robotics_ws/install/myrobot/share/myrobot/meshes
[0.856s] symbolically linking /home/gary/HW_robotics_ws/build/myrobot/meshes/link00.stl -> /home/gary/HW_robotics_ws/install/myrobot/share/myrobot/meshes
[0.856s] symbolically linking /home/gary/HW_robotics_ws/build/myrobot/meshes/link4.stl -> /home/gary/HW_robotics_ws/install/myrobot/share/myrobot/meshes
[0.856s] symbolically linking /home/gary/HW_robotics_ws/build/myrobot/meshes/link0_fake_longer.stl -> /home/gary/HW_robotics_ws/install/myrobot/share/myrobot/meshes
[0.856s] symbolically linking /home/gary/HW_robotics_ws/build/myrobot/meshes/link0.stl -> /home/gary/HW_robotics_ws/install/myrobot/share/myrobot/meshes
[0.856s] creating /home/gary/HW_robotics_ws/install/myrobot/share/myrobot/config
[0.856s] symbolically linking /home/gary/HW_robotics_ws/build/myrobot/config/myrobot.rviz -> /home/gary/HW_robotics_ws/install/myrobot/share/myrobot/config
[0.856s] symbolically linking /home/gary/HW_robotics_ws/build/myrobot/config/myrobot_control.yaml -> /home/gary/HW_robotics_ws/install/myrobot/share/myrobot/config
[0.893s] Invoked command in '/home/gary/HW_robotics_ws/build/myrobot' returned '0': PYTHONPATH=/home/gary/HW_robotics_ws/build/myrobot/prefix_override:/usr/lib/python3/dist-packages/colcon_core/task/python/colcon_distutils_commands:/home/gary/HW_robotics_ws/install/myrobot/lib/python3.10/site-packages:${PYTHONPATH} /usr/bin/python3 -W ignore:setup.py install is deprecated -W ignore:easy_install command is deprecated setup.py develop --editable --build-directory /home/gary/HW_robotics_ws/build/myrobot/build --no-deps symlink_data
