[0.418s] Invoking command in '/home/gary/HW1_robotics_ws/src/my_turtle_controller': PYTHONPATH=/home/gary/HW1_robotics_ws/build/my_turtle_controller/prefix_override:/usr/lib/python3/dist-packages/colcon_core/task/python/colcon_distutils_commands:/home/gary/HW1_robotics_ws/install/my_turtle_controller/lib/python3.10/site-packages:${PYTHONPATH} /usr/bin/python3 -W ignore:setup.py install is deprecated -W ignore:easy_install command is deprecated setup.py egg_info --egg-base ../../build/my_turtle_controller build --build-base /home/gary/HW1_robotics_ws/build/my_turtle_controller/build install --record /home/gary/HW1_robotics_ws/build/my_turtle_controller/install.log --single-version-externally-managed install_data
[0.575s] running egg_info
[0.575s] creating ../../build/my_turtle_controller/my_turtle_controller.egg-info
[0.576s] writing ../../build/my_turtle_controller/my_turtle_controller.egg-info/PKG-INFO
[0.576s] writing dependency_links to ../../build/my_turtle_controller/my_turtle_controller.egg-info/dependency_links.txt
[0.576s] writing entry points to ../../build/my_turtle_controller/my_turtle_controller.egg-info/entry_points.txt
[0.576s] writing requirements to ../../build/my_turtle_controller/my_turtle_controller.egg-info/requires.txt
[0.576s] writing top-level names to ../../build/my_turtle_controller/my_turtle_controller.egg-info/top_level.txt
[0.576s] writing manifest file '../../build/my_turtle_controller/my_turtle_controller.egg-info/SOURCES.txt'
[0.577s] reading manifest file '../../build/my_turtle_controller/my_turtle_controller.egg-info/SOURCES.txt'
[0.577s] writing manifest file '../../build/my_turtle_controller/my_turtle_controller.egg-info/SOURCES.txt'
[0.577s] running build
[0.577s] running build_py
[0.577s] creating /home/gary/HW1_robotics_ws/build/my_turtle_controller/build
[0.577s] creating /home/gary/HW1_robotics_ws/build/my_turtle_controller/build/lib
[0.578s] creating /home/gary/HW1_robotics_ws/build/my_turtle_controller/build/lib/my_turtle_controller
[0.578s] copying my_turtle_controller/__init__.py -> /home/gary/HW1_robotics_ws/build/my_turtle_controller/build/lib/my_turtle_controller
[0.578s] copying my_turtle_controller/controller_node.py -> /home/gary/HW1_robotics_ws/build/my_turtle_controller/build/lib/my_turtle_controller
[0.578s] running install
[0.578s] running install_lib
[0.578s] creating /home/gary/HW1_robotics_ws/install/my_turtle_controller/lib/python3.10/site-packages/my_turtle_controller
[0.578s] copying /home/gary/HW1_robotics_ws/build/my_turtle_controller/build/lib/my_turtle_controller/__init__.py -> /home/gary/HW1_robotics_ws/install/my_turtle_controller/lib/python3.10/site-packages/my_turtle_controller
[0.579s] copying /home/gary/HW1_robotics_ws/build/my_turtle_controller/build/lib/my_turtle_controller/controller_node.py -> /home/gary/HW1_robotics_ws/install/my_turtle_controller/lib/python3.10/site-packages/my_turtle_controller
[0.579s] byte-compiling /home/gary/HW1_robotics_ws/install/my_turtle_controller/lib/python3.10/site-packages/my_turtle_controller/__init__.py to __init__.cpython-310.pyc
[0.579s] byte-compiling /home/gary/HW1_robotics_ws/install/my_turtle_controller/lib/python3.10/site-packages/my_turtle_controller/controller_node.py to controller_node.cpython-310.pyc
[0.579s] running install_data
[0.579s] creating /home/gary/HW1_robotics_ws/install/my_turtle_controller/share/ament_index
[0.579s] creating /home/gary/HW1_robotics_ws/install/my_turtle_controller/share/ament_index/resource_index
[0.579s] creating /home/gary/HW1_robotics_ws/install/my_turtle_controller/share/ament_index/resource_index/packages
[0.579s] copying resource/my_turtle_controller -> /home/gary/HW1_robotics_ws/install/my_turtle_controller/share/ament_index/resource_index/packages
[0.579s] copying package.xml -> /home/gary/HW1_robotics_ws/install/my_turtle_controller/share/my_turtle_controller
[0.579s] running install_egg_info
[0.581s] Copying ../../build/my_turtle_controller/my_turtle_controller.egg-info to /home/gary/HW1_robotics_ws/install/my_turtle_controller/lib/python3.10/site-packages/my_turtle_controller-0.0.0-py3.10.egg-info
[0.581s] running install_scripts
[0.595s] Installing controller_node script to /home/gary/HW1_robotics_ws/install/my_turtle_controller/lib/my_turtle_controller
[0.595s] writing list of installed files to '/home/gary/HW1_robotics_ws/build/my_turtle_controller/install.log'
[0.611s] Invoked command in '/home/gary/HW1_robotics_ws/src/my_turtle_controller' returned '0': PYTHONPATH=/home/gary/HW1_robotics_ws/build/my_turtle_controller/prefix_override:/usr/lib/python3/dist-packages/colcon_core/task/python/colcon_distutils_commands:/home/gary/HW1_robotics_ws/install/my_turtle_controller/lib/python3.10/site-packages:${PYTHONPATH} /usr/bin/python3 -W ignore:setup.py install is deprecated -W ignore:easy_install command is deprecated setup.py egg_info --egg-base ../../build/my_turtle_controller build --build-base /home/gary/HW1_robotics_ws/build/my_turtle_controller/build install --record /home/gary/HW1_robotics_ws/build/my_turtle_controller/install.log --single-version-externally-managed install_data
