[0.813s] Invoking command in '/home/gary/HW_robotics_ws/build/voicegpt': PYTHONPATH=/home/gary/HW_robotics_ws/build/voicegpt/prefix_override:/usr/lib/python3/dist-packages/colcon_core/task/python/colcon_distutils_commands:/home/gary/HW_robotics_ws/install/voicegpt/lib/python3.10/site-packages:${PYTHONPATH} /usr/bin/python3 -W ignore:setup.py install is deprecated -W ignore:easy_install command is deprecated setup.py develop --editable --build-directory /home/gary/HW_robotics_ws/build/voicegpt/build --no-deps symlink_data
[0.998s] running develop
[1.112s] running egg_info
[1.113s] creating voicegpt.egg-info
[1.113s] writing voicegpt.egg-info/PKG-INFO
[1.113s] writing dependency_links to voicegpt.egg-info/dependency_links.txt
[1.113s] writing entry points to voicegpt.egg-info/entry_points.txt
[1.114s] writing requirements to voicegpt.egg-info/requires.txt
[1.114s] writing top-level names to voicegpt.egg-info/top_level.txt
[1.114s] writing manifest file 'voicegpt.egg-info/SOURCES.txt'
[1.114s] reading manifest file 'voicegpt.egg-info/SOURCES.txt'
[1.114s] writing manifest file 'voicegpt.egg-info/SOURCES.txt'
[1.115s] running build_ext
[1.115s] Creating /home/gary/HW_robotics_ws/install/voicegpt/lib/python3.10/site-packages/voicegpt.egg-link (link to .)
[1.116s] Installing turtlenode script to /home/gary/HW_robotics_ws/install/voicegpt/lib/voicegpt
[1.116s] Installing voicegpt_node script to /home/gary/HW_robotics_ws/install/voicegpt/lib/voicegpt
[1.116s] 
[1.116s] Installed /home/gary/HW_robotics_ws/build/voicegpt
[1.116s] running symlink_data
[1.116s] creating /home/gary/HW_robotics_ws/install/voicegpt/share/ament_index
[1.116s] creating /home/gary/HW_robotics_ws/install/voicegpt/share/ament_index/resource_index
[1.116s] creating /home/gary/HW_robotics_ws/install/voicegpt/share/ament_index/resource_index/packages
[1.116s] symbolically linking /home/gary/HW_robotics_ws/build/voicegpt/resource/voicegpt -> /home/gary/HW_robotics_ws/install/voicegpt/share/ament_index/resource_index/packages
[1.117s] symbolically linking /home/gary/HW_robotics_ws/build/voicegpt/package.xml -> /home/gary/HW_robotics_ws/install/voicegpt/share/voicegpt
[1.117s] creating /home/gary/HW_robotics_ws/install/voicegpt/share/voicegpt/launch
[1.117s] symbolically linking /home/gary/HW_robotics_ws/build/voicegpt/launch/lab2.launch.py -> /home/gary/HW_robotics_ws/install/voicegpt/share/voicegpt/launch
[1.150s] Invoked command in '/home/gary/HW_robotics_ws/build/voicegpt' returned '0': PYTHONPATH=/home/gary/HW_robotics_ws/build/voicegpt/prefix_override:/usr/lib/python3/dist-packages/colcon_core/task/python/colcon_distutils_commands:/home/gary/HW_robotics_ws/install/voicegpt/lib/python3.10/site-packages:${PYTHONPATH} /usr/bin/python3 -W ignore:setup.py install is deprecated -W ignore:easy_install command is deprecated setup.py develop --editable --build-directory /home/gary/HW_robotics_ws/build/voicegpt/build --no-deps symlink_data
