[0.389s] Invoking command in '/home/gary/HW1_robotics_ws/src/my_turtle_controller': PYTHONPATH=/home/gary/HW1_robotics_ws/build/my_turtle_controller/prefix_override:/usr/lib/python3/dist-packages/colcon_core/task/python/colcon_distutils_commands:/home/gary/HW1_robotics_ws/install/my_turtle_controller/lib/python3.10/site-packages:${PYTHONPATH} /usr/bin/python3 -W ignore:setup.py install is deprecated -W ignore:easy_install command is deprecated setup.py egg_info --egg-base ../../build/my_turtle_controller build --build-base /home/gary/HW1_robotics_ws/build/my_turtle_controller/build install --record /home/gary/HW1_robotics_ws/build/my_turtle_controller/install.log --single-version-externally-managed install_data
[0.550s] running egg_info
[0.550s] writing ../../build/my_turtle_controller/my_turtle_controller.egg-info/PKG-INFO
[0.550s] writing dependency_links to ../../build/my_turtle_controller/my_turtle_controller.egg-info/dependency_links.txt
[0.550s] writing entry points to ../../build/my_turtle_controller/my_turtle_controller.egg-info/entry_points.txt
[0.550s] writing requirements to ../../build/my_turtle_controller/my_turtle_controller.egg-info/requires.txt
[0.550s] writing top-level names to ../../build/my_turtle_controller/my_turtle_controller.egg-info/top_level.txt
[0.551s] reading manifest file '../../build/my_turtle_controller/my_turtle_controller.egg-info/SOURCES.txt'
[0.551s] writing manifest file '../../build/my_turtle_controller/my_turtle_controller.egg-info/SOURCES.txt'
[0.551s] running build
[0.551s] running build_py
[0.552s] running install
[0.552s] running install_lib
[0.552s] running install_data
[0.553s] running install_egg_info
[0.554s] removing '/home/gary/HW1_robotics_ws/install/my_turtle_controller/lib/python3.10/site-packages/my_turtle_controller-0.0.0-py3.10.egg-info' (and everything under it)
[0.554s] Copying ../../build/my_turtle_controller/my_turtle_controller.egg-info to /home/gary/HW1_robotics_ws/install/my_turtle_controller/lib/python3.10/site-packages/my_turtle_controller-0.0.0-py3.10.egg-info
[0.555s] running install_scripts
[0.569s] Installing controller_node script to /home/gary/HW1_robotics_ws/install/my_turtle_controller/lib/my_turtle_controller
[0.569s] writing list of installed files to '/home/gary/HW1_robotics_ws/build/my_turtle_controller/install.log'
[0.587s] Invoked command in '/home/gary/HW1_robotics_ws/src/my_turtle_controller' returned '0': PYTHONPATH=/home/gary/HW1_robotics_ws/build/my_turtle_controller/prefix_override:/usr/lib/python3/dist-packages/colcon_core/task/python/colcon_distutils_commands:/home/gary/HW1_robotics_ws/install/my_turtle_controller/lib/python3.10/site-packages:${PYTHONPATH} /usr/bin/python3 -W ignore:setup.py install is deprecated -W ignore:easy_install command is deprecated setup.py egg_info --egg-base ../../build/my_turtle_controller build --build-base /home/gary/HW1_robotics_ws/build/my_turtle_controller/build install --record /home/gary/HW1_robotics_ws/build/my_turtle_controller/install.log --single-version-externally-managed install_data
