[0.071s] DEBUG:colcon:Command line arguments: ['/usr/bin/colcon', 'build', '--symlink-install']
[0.071s] DEBUG:colcon:Parsed command line arguments: Namespace(log_base=None, log_level=None, verb_name='build', build_base='build', install_base='install', merge_install=False, symlink_install=True, test_result_base=None, continue_on_error=False, executor='parallel', parallel_workers=16, event_handlers=None, ignore_user_meta=False, metas=['./colcon.meta'], base_paths=['.'], packages_ignore=None, packages_ignore_regex=None, paths=None, packages_up_to=None, packages_up_to_regex=None, packages_above=None, packages_above_and_dependencies=None, packages_above_depth=None, packages_select_by_dep=None, packages_skip_by_dep=None, packages_skip_up_to=None, packages_select_build_failed=False, packages_skip_build_finished=False, packages_select_test_failures=False, packages_skip_test_passed=False, packages_select=None, packages_skip=None, packages_select_regex=None, packages_skip_regex=None, packages_start=None, packages_end=None, allow_overriding=[], cmake_args=None, cmake_target=None, cmake_target_skip_unavailable=False, cmake_clean_cache=False, cmake_clean_first=False, cmake_force_configure=False, ament_cmake_args=None, catkin_cmake_args=None, catkin_skip_building_tests=False, verb_parser=<colcon_defaults.argument_parser.defaults.DefaultArgumentsDecorator object at 0x738cf0e49c30>, verb_extension=<colcon_core.verb.build.BuildVerb object at 0x738cf0f6f040>, main=<bound method BuildVerb.main of <colcon_core.verb.build.BuildVerb object at 0x738cf0f6f040>>)
[0.190s] Level 1:colcon.colcon_core.package_discovery:discover_packages(colcon_meta) check parameters
[0.190s] Level 1:colcon.colcon_core.package_discovery:discover_packages(recursive) check parameters
[0.190s] Level 1:colcon.colcon_core.package_discovery:discover_packages(ignore) check parameters
[0.190s] Level 1:colcon.colcon_core.package_discovery:discover_packages(path) check parameters
[0.190s] Level 1:colcon.colcon_core.package_discovery:discover_packages(colcon_meta) discover
[0.190s] Level 1:colcon.colcon_core.package_discovery:discover_packages(recursive) discover
[0.190s] INFO:colcon.colcon_core.package_discovery:Crawling recursively for packages in '/home/gary/HW_robotics_ws'
[0.190s] Level 1:colcon.colcon_core.package_identification:_identify(.) by extensions ['ignore', 'ignore_ament_install']
[0.190s] Level 1:colcon.colcon_core.package_identification:_identify(.) by extension 'ignore'
[0.190s] Level 1:colcon.colcon_core.package_identification:_identify(.) by extension 'ignore_ament_install'
[0.191s] Level 1:colcon.colcon_core.package_identification:_identify(.) by extensions ['colcon_pkg']
[0.191s] Level 1:colcon.colcon_core.package_identification:_identify(.) by extension 'colcon_pkg'
[0.191s] Level 1:colcon.colcon_core.package_identification:_identify(.) by extensions ['colcon_meta']
[0.191s] Level 1:colcon.colcon_core.package_identification:_identify(.) by extension 'colcon_meta'
[0.191s] Level 1:colcon.colcon_core.package_identification:_identify(.) by extensions ['ros']
[0.191s] Level 1:colcon.colcon_core.package_identification:_identify(.) by extension 'ros'
[0.198s] Level 1:colcon.colcon_core.package_identification:_identify(.) by extensions ['cmake', 'python']
[0.198s] Level 1:colcon.colcon_core.package_identification:_identify(.) by extension 'cmake'
[0.198s] Level 1:colcon.colcon_core.package_identification:_identify(.) by extension 'python'
[0.198s] Level 1:colcon.colcon_core.package_identification:_identify(.) by extensions ['python_setup_py']
[0.198s] Level 1:colcon.colcon_core.package_identification:_identify(.) by extension 'python_setup_py'
[0.198s] Level 1:colcon.colcon_core.package_identification:_identify(build) by extensions ['ignore', 'ignore_ament_install']
[0.199s] Level 1:colcon.colcon_core.package_identification:_identify(build) by extension 'ignore'
[0.199s] Level 1:colcon.colcon_core.package_identification:_identify(build) ignored
[0.199s] Level 1:colcon.colcon_core.package_identification:_identify(install) by extensions ['ignore', 'ignore_ament_install']
[0.199s] Level 1:colcon.colcon_core.package_identification:_identify(install) by extension 'ignore'
[0.199s] Level 1:colcon.colcon_core.package_identification:_identify(install) ignored
[0.199s] Level 1:colcon.colcon_core.package_identification:_identify(log) by extensions ['ignore', 'ignore_ament_install']
[0.199s] Level 1:colcon.colcon_core.package_identification:_identify(log) by extension 'ignore'
[0.199s] Level 1:colcon.colcon_core.package_identification:_identify(log) ignored
[0.199s] Level 1:colcon.colcon_core.package_identification:_identify(src) by extensions ['ignore', 'ignore_ament_install']
[0.199s] Level 1:colcon.colcon_core.package_identification:_identify(src) by extension 'ignore'
[0.199s] Level 1:colcon.colcon_core.package_identification:_identify(src) by extension 'ignore_ament_install'
[0.199s] Level 1:colcon.colcon_core.package_identification:_identify(src) by extensions ['colcon_pkg']
[0.199s] Level 1:colcon.colcon_core.package_identification:_identify(src) by extension 'colcon_pkg'
[0.199s] Level 1:colcon.colcon_core.package_identification:_identify(src) by extensions ['colcon_meta']
[0.199s] Level 1:colcon.colcon_core.package_identification:_identify(src) by extension 'colcon_meta'
[0.199s] Level 1:colcon.colcon_core.package_identification:_identify(src) by extensions ['ros']
[0.199s] Level 1:colcon.colcon_core.package_identification:_identify(src) by extension 'ros'
[0.199s] Level 1:colcon.colcon_core.package_identification:_identify(src) by extensions ['cmake', 'python']
[0.199s] Level 1:colcon.colcon_core.package_identification:_identify(src) by extension 'cmake'
[0.199s] Level 1:colcon.colcon_core.package_identification:_identify(src) by extension 'python'
[0.199s] Level 1:colcon.colcon_core.package_identification:_identify(src) by extensions ['python_setup_py']
[0.199s] Level 1:colcon.colcon_core.package_identification:_identify(src) by extension 'python_setup_py'
[0.199s] Level 1:colcon.colcon_core.package_identification:_identify(src/my_turtle_controller) by extensions ['ignore', 'ignore_ament_install']
[0.199s] Level 1:colcon.colcon_core.package_identification:_identify(src/my_turtle_controller) by extension 'ignore'
[0.200s] Level 1:colcon.colcon_core.package_identification:_identify(src/my_turtle_controller) by extension 'ignore_ament_install'
[0.200s] Level 1:colcon.colcon_core.package_identification:_identify(src/my_turtle_controller) by extensions ['colcon_pkg']
[0.200s] Level 1:colcon.colcon_core.package_identification:_identify(src/my_turtle_controller) by extension 'colcon_pkg'
[0.200s] Level 1:colcon.colcon_core.package_identification:_identify(src/my_turtle_controller) by extensions ['colcon_meta']
[0.200s] Level 1:colcon.colcon_core.package_identification:_identify(src/my_turtle_controller) by extension 'colcon_meta'
[0.200s] Level 1:colcon.colcon_core.package_identification:_identify(src/my_turtle_controller) by extensions ['ros']
[0.200s] Level 1:colcon.colcon_core.package_identification:_identify(src/my_turtle_controller) by extension 'ros'
[0.201s] DEBUG:colcon.colcon_core.package_identification:Package 'src/my_turtle_controller' with type 'ros.ament_python' and name 'my_turtle_controller'
[0.201s] Level 1:colcon.colcon_core.package_identification:_identify(src/myrobot) by extensions ['ignore', 'ignore_ament_install']
[0.201s] Level 1:colcon.colcon_core.package_identification:_identify(src/myrobot) by extension 'ignore'
[0.201s] Level 1:colcon.colcon_core.package_identification:_identify(src/myrobot) by extension 'ignore_ament_install'
[0.201s] Level 1:colcon.colcon_core.package_identification:_identify(src/myrobot) by extensions ['colcon_pkg']
[0.202s] Level 1:colcon.colcon_core.package_identification:_identify(src/myrobot) by extension 'colcon_pkg'
[0.202s] Level 1:colcon.colcon_core.package_identification:_identify(src/myrobot) by extensions ['colcon_meta']
[0.202s] Level 1:colcon.colcon_core.package_identification:_identify(src/myrobot) by extension 'colcon_meta'
[0.202s] Level 1:colcon.colcon_core.package_identification:_identify(src/myrobot) by extensions ['ros']
[0.202s] Level 1:colcon.colcon_core.package_identification:_identify(src/myrobot) by extension 'ros'
[0.202s] DEBUG:colcon.colcon_core.package_identification:Package 'src/myrobot' with type 'ros.ament_python' and name 'myrobot'
[0.202s] Level 1:colcon.colcon_core.package_identification:_identify(src/voicegpt) by extensions ['ignore', 'ignore_ament_install']
[0.202s] Level 1:colcon.colcon_core.package_identification:_identify(src/voicegpt) by extension 'ignore'
[0.202s] Level 1:colcon.colcon_core.package_identification:_identify(src/voicegpt) by extension 'ignore_ament_install'
[0.202s] Level 1:colcon.colcon_core.package_identification:_identify(src/voicegpt) by extensions ['colcon_pkg']
[0.202s] Level 1:colcon.colcon_core.package_identification:_identify(src/voicegpt) by extension 'colcon_pkg'
[0.202s] Level 1:colcon.colcon_core.package_identification:_identify(src/voicegpt) by extensions ['colcon_meta']
[0.202s] Level 1:colcon.colcon_core.package_identification:_identify(src/voicegpt) by extension 'colcon_meta'
[0.202s] Level 1:colcon.colcon_core.package_identification:_identify(src/voicegpt) by extensions ['ros']
[0.202s] Level 1:colcon.colcon_core.package_identification:_identify(src/voicegpt) by extension 'ros'
[0.203s] DEBUG:colcon.colcon_core.package_identification:Package 'src/voicegpt' with type 'ros.ament_python' and name 'voicegpt'
[0.203s] Level 1:colcon.colcon_core.package_discovery:discover_packages(recursive) using defaults
[0.203s] Level 1:colcon.colcon_core.package_discovery:discover_packages(ignore) discover
[0.203s] Level 1:colcon.colcon_core.package_discovery:discover_packages(ignore) using defaults
[0.203s] Level 1:colcon.colcon_core.package_discovery:discover_packages(path) discover
[0.203s] Level 1:colcon.colcon_core.package_discovery:discover_packages(path) using defaults
[0.223s] Level 1:colcon.colcon_core.package_discovery:discover_packages(prefix_path) check parameters
[0.223s] Level 1:colcon.colcon_core.package_discovery:discover_packages(prefix_path) discover
[0.225s] DEBUG:colcon.colcon_installed_package_information.package_discovery:Found 3 installed packages in /home/gary/HW_robotics_ws/install
[0.226s] DEBUG:colcon.colcon_installed_package_information.package_discovery:Found 326 installed packages in /opt/ros/humble
[0.227s] Level 1:colcon.colcon_core.package_discovery:discover_packages(prefix_path) using defaults
[0.254s] Level 5:colcon.colcon_core.verb:set package 'my_turtle_controller' build argument 'cmake_args' from command line to 'None'
[0.254s] Level 5:colcon.colcon_core.verb:set package 'my_turtle_controller' build argument 'cmake_target' from command line to 'None'
[0.254s] Level 5:colcon.colcon_core.verb:set package 'my_turtle_controller' build argument 'cmake_target_skip_unavailable' from command line to 'False'
[0.254s] Level 5:colcon.colcon_core.verb:set package 'my_turtle_controller' build argument 'cmake_clean_cache' from command line to 'False'
[0.254s] Level 5:colcon.colcon_core.verb:set package 'my_turtle_controller' build argument 'cmake_clean_first' from command line to 'False'
[0.254s] Level 5:colcon.colcon_core.verb:set package 'my_turtle_controller' build argument 'cmake_force_configure' from command line to 'False'
[0.254s] Level 5:colcon.colcon_core.verb:set package 'my_turtle_controller' build argument 'ament_cmake_args' from command line to 'None'
[0.255s] Level 5:colcon.colcon_core.verb:set package 'my_turtle_controller' build argument 'catkin_cmake_args' from command line to 'None'
[0.255s] Level 5:colcon.colcon_core.verb:set package 'my_turtle_controller' build argument 'catkin_skip_building_tests' from command line to 'False'
[0.255s] DEBUG:colcon.colcon_core.verb:Building package 'my_turtle_controller' with the following arguments: {'ament_cmake_args': None, 'build_base': '/home/gary/HW_robotics_ws/build/my_turtle_controller', 'catkin_cmake_args': None, 'catkin_skip_building_tests': False, 'cmake_args': None, 'cmake_clean_cache': False, 'cmake_clean_first': False, 'cmake_force_configure': False, 'cmake_target': None, 'cmake_target_skip_unavailable': False, 'install_base': '/home/gary/HW_robotics_ws/install/my_turtle_controller', 'merge_install': False, 'path': '/home/gary/HW_robotics_ws/src/my_turtle_controller', 'symlink_install': True, 'test_result_base': None}
[0.255s] Level 5:colcon.colcon_core.verb:set package 'myrobot' build argument 'cmake_args' from command line to 'None'
[0.255s] Level 5:colcon.colcon_core.verb:set package 'myrobot' build argument 'cmake_target' from command line to 'None'
[0.255s] Level 5:colcon.colcon_core.verb:set package 'myrobot' build argument 'cmake_target_skip_unavailable' from command line to 'False'
[0.255s] Level 5:colcon.colcon_core.verb:set package 'myrobot' build argument 'cmake_clean_cache' from command line to 'False'
[0.255s] Level 5:colcon.colcon_core.verb:set package 'myrobot' build argument 'cmake_clean_first' from command line to 'False'
[0.255s] Level 5:colcon.colcon_core.verb:set package 'myrobot' build argument 'cmake_force_configure' from command line to 'False'
[0.255s] Level 5:colcon.colcon_core.verb:set package 'myrobot' build argument 'ament_cmake_args' from command line to 'None'
[0.255s] Level 5:colcon.colcon_core.verb:set package 'myrobot' build argument 'catkin_cmake_args' from command line to 'None'
[0.255s] Level 5:colcon.colcon_core.verb:set package 'myrobot' build argument 'catkin_skip_building_tests' from command line to 'False'
[0.255s] DEBUG:colcon.colcon_core.verb:Building package 'myrobot' with the following arguments: {'ament_cmake_args': None, 'build_base': '/home/gary/HW_robotics_ws/build/myrobot', 'catkin_cmake_args': None, 'catkin_skip_building_tests': False, 'cmake_args': None, 'cmake_clean_cache': False, 'cmake_clean_first': False, 'cmake_force_configure': False, 'cmake_target': None, 'cmake_target_skip_unavailable': False, 'install_base': '/home/gary/HW_robotics_ws/install/myrobot', 'merge_install': False, 'path': '/home/gary/HW_robotics_ws/src/myrobot', 'symlink_install': True, 'test_result_base': None}
[0.255s] Level 5:colcon.colcon_core.verb:set package 'voicegpt' build argument 'cmake_args' from command line to 'None'
[0.255s] Level 5:colcon.colcon_core.verb:set package 'voicegpt' build argument 'cmake_target' from command line to 'None'
[0.255s] Level 5:colcon.colcon_core.verb:set package 'voicegpt' build argument 'cmake_target_skip_unavailable' from command line to 'False'
[0.255s] Level 5:colcon.colcon_core.verb:set package 'voicegpt' build argument 'cmake_clean_cache' from command line to 'False'
[0.255s] Level 5:colcon.colcon_core.verb:set package 'voicegpt' build argument 'cmake_clean_first' from command line to 'False'
[0.255s] Level 5:colcon.colcon_core.verb:set package 'voicegpt' build argument 'cmake_force_configure' from command line to 'False'
[0.255s] Level 5:colcon.colcon_core.verb:set package 'voicegpt' build argument 'ament_cmake_args' from command line to 'None'
[0.255s] Level 5:colcon.colcon_core.verb:set package 'voicegpt' build argument 'catkin_cmake_args' from command line to 'None'
[0.255s] Level 5:colcon.colcon_core.verb:set package 'voicegpt' build argument 'catkin_skip_building_tests' from command line to 'False'
[0.255s] DEBUG:colcon.colcon_core.verb:Building package 'voicegpt' with the following arguments: {'ament_cmake_args': None, 'build_base': '/home/gary/HW_robotics_ws/build/voicegpt', 'catkin_cmake_args': None, 'catkin_skip_building_tests': False, 'cmake_args': None, 'cmake_clean_cache': False, 'cmake_clean_first': False, 'cmake_force_configure': False, 'cmake_target': None, 'cmake_target_skip_unavailable': False, 'install_base': '/home/gary/HW_robotics_ws/install/voicegpt', 'merge_install': False, 'path': '/home/gary/HW_robotics_ws/src/voicegpt', 'symlink_install': True, 'test_result_base': None}
[0.255s] INFO:colcon.colcon_core.executor:Executing jobs using 'parallel' executor
[0.256s] DEBUG:colcon.colcon_parallel_executor.executor.parallel:run_until_complete
[0.256s] INFO:colcon.colcon_ros.task.ament_python.build:Building ROS package in '/home/gary/HW_robotics_ws/src/my_turtle_controller' with build type 'ament_python'
[0.256s] Level 1:colcon.colcon_core.shell:create_environment_hook('my_turtle_controller', 'ament_prefix_path')
[0.258s] INFO:colcon.colcon_core.plugin_system:Skipping extension 'colcon_core.shell.bat': Not used on non-Windows systems
[0.258s] INFO:colcon.colcon_core.shell:Creating environment hook '/home/gary/HW_robotics_ws/install/my_turtle_controller/share/my_turtle_controller/hook/ament_prefix_path.ps1'
[0.259s] INFO:colcon.colcon_core.shell:Creating environment descriptor '/home/gary/HW_robotics_ws/install/my_turtle_controller/share/my_turtle_controller/hook/ament_prefix_path.dsv'
[0.259s] INFO:colcon.colcon_core.shell:Creating environment hook '/home/gary/HW_robotics_ws/install/my_turtle_controller/share/my_turtle_controller/hook/ament_prefix_path.sh'
[0.260s] INFO:colcon.colcon_core.shell:Skip shell extension 'powershell' for command environment: Not usable outside of PowerShell
[0.260s] DEBUG:colcon.colcon_core.shell:Skip shell extension 'dsv' for command environment
[0.262s] INFO:colcon.colcon_ros.task.ament_python.build:Building ROS package in '/home/gary/HW_robotics_ws/src/myrobot' with build type 'ament_python'
[0.262s] Level 1:colcon.colcon_core.shell:create_environment_hook('myrobot', 'ament_prefix_path')
[0.262s] INFO:colcon.colcon_core.shell:Creating environment hook '/home/gary/HW_robotics_ws/install/myrobot/share/myrobot/hook/ament_prefix_path.ps1'
[0.263s] INFO:colcon.colcon_core.shell:Creating environment descriptor '/home/gary/HW_robotics_ws/install/myrobot/share/myrobot/hook/ament_prefix_path.dsv'
[0.263s] INFO:colcon.colcon_core.shell:Creating environment hook '/home/gary/HW_robotics_ws/install/myrobot/share/myrobot/hook/ament_prefix_path.sh'
[0.263s] INFO:colcon.colcon_core.shell:Skip shell extension 'powershell' for command environment: Not usable outside of PowerShell
[0.263s] DEBUG:colcon.colcon_core.shell:Skip shell extension 'dsv' for command environment
[0.266s] INFO:colcon.colcon_ros.task.ament_python.build:Building ROS package in '/home/gary/HW_robotics_ws/src/voicegpt' with build type 'ament_python'
[0.266s] Level 1:colcon.colcon_core.shell:create_environment_hook('voicegpt', 'ament_prefix_path')
[0.266s] INFO:colcon.colcon_core.shell:Creating environment hook '/home/gary/HW_robotics_ws/install/voicegpt/share/voicegpt/hook/ament_prefix_path.ps1'
[0.266s] INFO:colcon.colcon_core.shell:Creating environment descriptor '/home/gary/HW_robotics_ws/install/voicegpt/share/voicegpt/hook/ament_prefix_path.dsv'
[0.266s] INFO:colcon.colcon_core.shell:Creating environment hook '/home/gary/HW_robotics_ws/install/voicegpt/share/voicegpt/hook/ament_prefix_path.sh'
[0.267s] INFO:colcon.colcon_core.shell:Skip shell extension 'powershell' for command environment: Not usable outside of PowerShell
[0.267s] DEBUG:colcon.colcon_core.shell:Skip shell extension 'dsv' for command environment
[0.450s] INFO:colcon.colcon_core.task.python.build:Building Python package in '/home/gary/HW_robotics_ws/src/my_turtle_controller'
[0.450s] INFO:colcon.colcon_core.shell:Skip shell extension 'powershell' for command environment: Not usable outside of PowerShell
[0.450s] DEBUG:colcon.colcon_core.shell:Skip shell extension 'dsv' for command environment
[0.630s] INFO:colcon.colcon_core.task.python.build:Building Python package in '/home/gary/HW_robotics_ws/src/myrobot'
[0.630s] INFO:colcon.colcon_core.shell:Skip shell extension 'powershell' for command environment: Not usable outside of PowerShell
[0.630s] DEBUG:colcon.colcon_core.shell:Skip shell extension 'dsv' for command environment
[0.814s] INFO:colcon.colcon_core.task.python.build:Building Python package in '/home/gary/HW_robotics_ws/src/voicegpt'
[0.815s] INFO:colcon.colcon_core.shell:Skip shell extension 'powershell' for command environment: Not usable outside of PowerShell
[0.815s] DEBUG:colcon.colcon_core.shell:Skip shell extension 'dsv' for command environment
[1.089s] DEBUG:colcon.colcon_core.event_handler.log_command:Invoking command in '/home/gary/HW_robotics_ws/build/my_turtle_controller': PYTHONPATH=/home/gary/HW_robotics_ws/build/my_turtle_controller/prefix_override:/usr/lib/python3/dist-packages/colcon_core/task/python/colcon_distutils_commands:/home/gary/HW_robotics_ws/install/my_turtle_controller/lib/python3.10/site-packages:${PYTHONPATH} /usr/bin/python3 -W ignore:setup.py install is deprecated -W ignore:easy_install command is deprecated setup.py develop --editable --build-directory /home/gary/HW_robotics_ws/build/my_turtle_controller/build --no-deps symlink_data
[1.090s] DEBUG:colcon.colcon_core.event_handler.log_command:Invoking command in '/home/gary/HW_robotics_ws/build/voicegpt': PYTHONPATH=/home/gary/HW_robotics_ws/build/voicegpt/prefix_override:/usr/lib/python3/dist-packages/colcon_core/task/python/colcon_distutils_commands:/home/gary/HW_robotics_ws/install/voicegpt/lib/python3.10/site-packages:${PYTHONPATH} /usr/bin/python3 -W ignore:setup.py install is deprecated -W ignore:easy_install command is deprecated setup.py develop --editable --build-directory /home/gary/HW_robotics_ws/build/voicegpt/build --no-deps symlink_data
[1.092s] DEBUG:colcon.colcon_core.event_handler.log_command:Invoking command in '/home/gary/HW_robotics_ws/build/myrobot': PYTHONPATH=/home/gary/HW_robotics_ws/build/myrobot/prefix_override:/usr/lib/python3/dist-packages/colcon_core/task/python/colcon_distutils_commands:/home/gary/HW_robotics_ws/install/myrobot/lib/python3.10/site-packages:${PYTHONPATH} /usr/bin/python3 -W ignore:setup.py install is deprecated -W ignore:easy_install command is deprecated setup.py develop --editable --build-directory /home/gary/HW_robotics_ws/build/myrobot/build --no-deps symlink_data
[1.429s] Level 1:colcon.colcon_core.shell:create_environment_hook('my_turtle_controller', 'pythonpath_develop')
[1.430s] DEBUG:colcon.colcon_core.event_handler.log_command:Invoked command in '/home/gary/HW_robotics_ws/build/my_turtle_controller' returned '0': PYTHONPATH=/home/gary/HW_robotics_ws/build/my_turtle_controller/prefix_override:/usr/lib/python3/dist-packages/colcon_core/task/python/colcon_distutils_commands:/home/gary/HW_robotics_ws/install/my_turtle_controller/lib/python3.10/site-packages:${PYTHONPATH} /usr/bin/python3 -W ignore:setup.py install is deprecated -W ignore:easy_install command is deprecated setup.py develop --editable --build-directory /home/gary/HW_robotics_ws/build/my_turtle_controller/build --no-deps symlink_data
[1.430s] INFO:colcon.colcon_core.shell:Creating environment hook '/home/gary/HW_robotics_ws/build/my_turtle_controller/share/my_turtle_controller/hook/pythonpath_develop.ps1'
[1.430s] INFO:colcon.colcon_core.shell:Creating environment descriptor '/home/gary/HW_robotics_ws/build/my_turtle_controller/share/my_turtle_controller/hook/pythonpath_develop.dsv'
[1.431s] INFO:colcon.colcon_core.shell:Creating environment hook '/home/gary/HW_robotics_ws/build/my_turtle_controller/share/my_turtle_controller/hook/pythonpath_develop.sh'
[1.433s] Level 1:colcon.colcon_core.environment:checking '/home/gary/HW_robotics_ws/install/my_turtle_controller' for CMake module files
[1.433s] Level 1:colcon.colcon_core.environment:checking '/home/gary/HW_robotics_ws/install/my_turtle_controller' for CMake config files
[1.433s] Level 1:colcon.colcon_core.environment:checking '/home/gary/HW_robotics_ws/install/my_turtle_controller/lib'
[1.433s] Level 1:colcon.colcon_core.environment:checking '/home/gary/HW_robotics_ws/install/my_turtle_controller/bin'
[1.433s] Level 1:colcon.colcon_core.environment:checking '/home/gary/HW_robotics_ws/install/my_turtle_controller/lib/pkgconfig/my_turtle_controller.pc'
[1.434s] Level 1:colcon.colcon_core.environment:checking '/home/gary/HW_robotics_ws/install/my_turtle_controller/lib/python3.10/site-packages'
[1.434s] Level 1:colcon.colcon_core.shell:create_environment_hook('my_turtle_controller', 'pythonpath')
[1.434s] INFO:colcon.colcon_core.shell:Creating environment hook '/home/gary/HW_robotics_ws/install/my_turtle_controller/share/my_turtle_controller/hook/pythonpath.ps1'
[1.435s] INFO:colcon.colcon_core.shell:Creating environment descriptor '/home/gary/HW_robotics_ws/install/my_turtle_controller/share/my_turtle_controller/hook/pythonpath.dsv'
[1.435s] INFO:colcon.colcon_core.shell:Creating environment hook '/home/gary/HW_robotics_ws/install/my_turtle_controller/share/my_turtle_controller/hook/pythonpath.sh'
[1.436s] Level 1:colcon.colcon_core.environment:checking '/home/gary/HW_robotics_ws/install/my_turtle_controller/bin'
[1.436s] Level 1:colcon.colcon_core.environment:create_environment_scripts_only(my_turtle_controller)
[1.436s] INFO:colcon.colcon_core.shell:Creating package script '/home/gary/HW_robotics_ws/install/my_turtle_controller/share/my_turtle_controller/package.ps1'
[1.437s] INFO:colcon.colcon_core.shell:Creating package descriptor '/home/gary/HW_robotics_ws/install/my_turtle_controller/share/my_turtle_controller/package.dsv'
[1.437s] INFO:colcon.colcon_core.shell:Creating package script '/home/gary/HW_robotics_ws/install/my_turtle_controller/share/my_turtle_controller/package.sh'
[1.438s] INFO:colcon.colcon_core.shell:Creating package script '/home/gary/HW_robotics_ws/install/my_turtle_controller/share/my_turtle_controller/package.bash'
[1.438s] INFO:colcon.colcon_core.shell:Creating package script '/home/gary/HW_robotics_ws/install/my_turtle_controller/share/my_turtle_controller/package.zsh'
[1.439s] Level 1:colcon.colcon_core.environment:create_file_with_runtime_dependencies(/home/gary/HW_robotics_ws/install/my_turtle_controller/share/colcon-core/packages/my_turtle_controller)
[1.440s] Level 1:colcon.colcon_core.shell:create_environment_hook('myrobot', 'pythonpath_develop')
[1.441s] INFO:colcon.colcon_core.shell:Creating environment hook '/home/gary/HW_robotics_ws/build/myrobot/share/myrobot/hook/pythonpath_develop.ps1'
[1.441s] DEBUG:colcon.colcon_core.event_handler.log_command:Invoked command in '/home/gary/HW_robotics_ws/build/myrobot' returned '0': PYTHONPATH=/home/gary/HW_robotics_ws/build/myrobot/prefix_override:/usr/lib/python3/dist-packages/colcon_core/task/python/colcon_distutils_commands:/home/gary/HW_robotics_ws/install/myrobot/lib/python3.10/site-packages:${PYTHONPATH} /usr/bin/python3 -W ignore:setup.py install is deprecated -W ignore:easy_install command is deprecated setup.py develop --editable --build-directory /home/gary/HW_robotics_ws/build/myrobot/build --no-deps symlink_data
[1.441s] INFO:colcon.colcon_core.shell:Creating environment descriptor '/home/gary/HW_robotics_ws/build/myrobot/share/myrobot/hook/pythonpath_develop.dsv'
[1.442s] INFO:colcon.colcon_core.shell:Creating environment hook '/home/gary/HW_robotics_ws/build/myrobot/share/myrobot/hook/pythonpath_develop.sh'
[1.442s] Level 1:colcon.colcon_core.environment:checking '/home/gary/HW_robotics_ws/install/myrobot' for CMake module files
[1.442s] Level 1:colcon.colcon_core.environment:checking '/home/gary/HW_robotics_ws/install/myrobot' for CMake config files
[1.443s] Level 1:colcon.colcon_core.environment:checking '/home/gary/HW_robotics_ws/install/myrobot/lib'
[1.443s] Level 1:colcon.colcon_core.environment:checking '/home/gary/HW_robotics_ws/install/myrobot/bin'
[1.443s] Level 1:colcon.colcon_core.environment:checking '/home/gary/HW_robotics_ws/install/myrobot/lib/pkgconfig/myrobot.pc'
[1.443s] Level 1:colcon.colcon_core.environment:checking '/home/gary/HW_robotics_ws/install/myrobot/lib/python3.10/site-packages'
[1.443s] Level 1:colcon.colcon_core.shell:create_environment_hook('myrobot', 'pythonpath')
[1.443s] INFO:colcon.colcon_core.shell:Creating environment hook '/home/gary/HW_robotics_ws/install/myrobot/share/myrobot/hook/pythonpath.ps1'
[1.443s] INFO:colcon.colcon_core.shell:Creating environment descriptor '/home/gary/HW_robotics_ws/install/myrobot/share/myrobot/hook/pythonpath.dsv'
[1.444s] INFO:colcon.colcon_core.shell:Creating environment hook '/home/gary/HW_robotics_ws/install/myrobot/share/myrobot/hook/pythonpath.sh'
[1.444s] Level 1:colcon.colcon_core.environment:checking '/home/gary/HW_robotics_ws/install/myrobot/bin'
[1.444s] Level 1:colcon.colcon_core.environment:create_environment_scripts_only(myrobot)
[1.444s] INFO:colcon.colcon_core.shell:Creating package script '/home/gary/HW_robotics_ws/install/myrobot/share/myrobot/package.ps1'
[1.445s] INFO:colcon.colcon_core.shell:Creating package descriptor '/home/gary/HW_robotics_ws/install/myrobot/share/myrobot/package.dsv'
[1.445s] INFO:colcon.colcon_core.shell:Creating package script '/home/gary/HW_robotics_ws/install/myrobot/share/myrobot/package.sh'
[1.445s] INFO:colcon.colcon_core.shell:Creating package script '/home/gary/HW_robotics_ws/install/myrobot/share/myrobot/package.bash'
[1.446s] INFO:colcon.colcon_core.shell:Creating package script '/home/gary/HW_robotics_ws/install/myrobot/share/myrobot/package.zsh'
[1.446s] Level 1:colcon.colcon_core.environment:create_file_with_runtime_dependencies(/home/gary/HW_robotics_ws/install/myrobot/share/colcon-core/packages/myrobot)
[1.446s] Level 1:colcon.colcon_core.shell:create_environment_hook('voicegpt', 'pythonpath_develop')
[1.446s] INFO:colcon.colcon_core.shell:Creating environment hook '/home/gary/HW_robotics_ws/build/voicegpt/share/voicegpt/hook/pythonpath_develop.ps1'
[1.447s] INFO:colcon.colcon_core.shell:Creating environment descriptor '/home/gary/HW_robotics_ws/build/voicegpt/share/voicegpt/hook/pythonpath_develop.dsv'
[1.447s] INFO:colcon.colcon_core.shell:Creating environment hook '/home/gary/HW_robotics_ws/build/voicegpt/share/voicegpt/hook/pythonpath_develop.sh'
[1.447s] DEBUG:colcon.colcon_core.event_handler.log_command:Invoked command in '/home/gary/HW_robotics_ws/build/voicegpt' returned '0': PYTHONPATH=/home/gary/HW_robotics_ws/build/voicegpt/prefix_override:/usr/lib/python3/dist-packages/colcon_core/task/python/colcon_distutils_commands:/home/gary/HW_robotics_ws/install/voicegpt/lib/python3.10/site-packages:${PYTHONPATH} /usr/bin/python3 -W ignore:setup.py install is deprecated -W ignore:easy_install command is deprecated setup.py develop --editable --build-directory /home/gary/HW_robotics_ws/build/voicegpt/build --no-deps symlink_data
[1.448s] Level 1:colcon.colcon_core.environment:checking '/home/gary/HW_robotics_ws/install/voicegpt' for CMake module files
[1.448s] Level 1:colcon.colcon_core.environment:checking '/home/gary/HW_robotics_ws/install/voicegpt' for CMake config files
[1.448s] Level 1:colcon.colcon_core.environment:checking '/home/gary/HW_robotics_ws/install/voicegpt/lib'
[1.448s] Level 1:colcon.colcon_core.environment:checking '/home/gary/HW_robotics_ws/install/voicegpt/bin'
[1.448s] Level 1:colcon.colcon_core.environment:checking '/home/gary/HW_robotics_ws/install/voicegpt/lib/pkgconfig/voicegpt.pc'
[1.448s] Level 1:colcon.colcon_core.environment:checking '/home/gary/HW_robotics_ws/install/voicegpt/lib/python3.10/site-packages'
[1.448s] Level 1:colcon.colcon_core.shell:create_environment_hook('voicegpt', 'pythonpath')
[1.449s] INFO:colcon.colcon_core.shell:Creating environment hook '/home/gary/HW_robotics_ws/install/voicegpt/share/voicegpt/hook/pythonpath.ps1'
[1.449s] INFO:colcon.colcon_core.shell:Creating environment descriptor '/home/gary/HW_robotics_ws/install/voicegpt/share/voicegpt/hook/pythonpath.dsv'
[1.449s] INFO:colcon.colcon_core.shell:Creating environment hook '/home/gary/HW_robotics_ws/install/voicegpt/share/voicegpt/hook/pythonpath.sh'
[1.450s] Level 1:colcon.colcon_core.environment:checking '/home/gary/HW_robotics_ws/install/voicegpt/bin'
[1.450s] Level 1:colcon.colcon_core.environment:create_environment_scripts_only(voicegpt)
[1.450s] INFO:colcon.colcon_core.shell:Creating package script '/home/gary/HW_robotics_ws/install/voicegpt/share/voicegpt/package.ps1'
[1.450s] INFO:colcon.colcon_core.shell:Creating package descriptor '/home/gary/HW_robotics_ws/install/voicegpt/share/voicegpt/package.dsv'
[1.451s] INFO:colcon.colcon_core.shell:Creating package script '/home/gary/HW_robotics_ws/install/voicegpt/share/voicegpt/package.sh'
[1.451s] INFO:colcon.colcon_core.shell:Creating package script '/home/gary/HW_robotics_ws/install/voicegpt/share/voicegpt/package.bash'
[1.451s] INFO:colcon.colcon_core.shell:Creating package script '/home/gary/HW_robotics_ws/install/voicegpt/share/voicegpt/package.zsh'
[1.451s] Level 1:colcon.colcon_core.environment:create_file_with_runtime_dependencies(/home/gary/HW_robotics_ws/install/voicegpt/share/colcon-core/packages/voicegpt)
[1.451s] DEBUG:colcon.colcon_parallel_executor.executor.parallel:closing loop
[1.452s] DEBUG:colcon.colcon_parallel_executor.executor.parallel:loop closed
[1.452s] DEBUG:colcon.colcon_parallel_executor.executor.parallel:run_until_complete finished with '0'
[1.452s] DEBUG:colcon.colcon_core.event_reactor:joining thread
[1.456s] INFO:colcon.colcon_core.plugin_system:Skipping extension 'colcon_notification.desktop_notification.terminal_notifier': Not used on non-Darwin systems
[1.456s] INFO:colcon.colcon_core.plugin_system:Skipping extension 'colcon_notification.desktop_notification.win32': Not used on non-Windows systems
[1.456s] INFO:colcon.colcon_notification.desktop_notification:Sending desktop notification using 'notify2'
[1.465s] DEBUG:colcon.colcon_core.event_reactor:joined thread
[1.466s] INFO:colcon.colcon_core.shell:Creating prefix script '/home/gary/HW_robotics_ws/install/local_setup.ps1'
[1.467s] INFO:colcon.colcon_core.shell:Creating prefix util module '/home/gary/HW_robotics_ws/install/_local_setup_util_ps1.py'
[1.468s] INFO:colcon.colcon_core.shell:Creating prefix chain script '/home/gary/HW_robotics_ws/install/setup.ps1'
[1.469s] INFO:colcon.colcon_core.shell:Creating prefix script '/home/gary/HW_robotics_ws/install/local_setup.sh'
[1.469s] INFO:colcon.colcon_core.shell:Creating prefix util module '/home/gary/HW_robotics_ws/install/_local_setup_util_sh.py'
[1.469s] INFO:colcon.colcon_core.shell:Creating prefix chain script '/home/gary/HW_robotics_ws/install/setup.sh'
[1.470s] INFO:colcon.colcon_core.shell:Creating prefix script '/home/gary/HW_robotics_ws/install/local_setup.bash'
[1.470s] INFO:colcon.colcon_core.shell:Creating prefix chain script '/home/gary/HW_robotics_ws/install/setup.bash'
[1.471s] INFO:colcon.colcon_core.shell:Creating prefix script '/home/gary/HW_robotics_ws/install/local_setup.zsh'
[1.471s] INFO:colcon.colcon_core.shell:Creating prefix chain script '/home/gary/HW_robotics_ws/install/setup.zsh'
