[0.199s] Invoking command in '/home/gary/HW_robotics_ws/build/myplan': CMAKE_PREFIX_PATH=/home/gary/HW_robotics_ws/install/voicegpt:/home/gary/HW_robotics_ws/install/myrobot:/home/gary/HW_robotics_ws/install/my_turtle_controller:/opt/ros/humble /usr/bin/cmake /home/gary/HW_robotics_ws/src/myplan -DAMENT_CMAKE_SYMLINK_INSTALL=1 -DCMAKE_INSTALL_PREFIX=/home/gary/HW_robotics_ws/install/myplan
[0.390s] -- The C compiler identification is GNU 11.4.0
[0.391s] -- The CXX compiler identification is GNU 11.4.0
[0.391s] -- Detecting C compiler ABI info
[0.413s] -- Detecting C compiler ABI info - done
[0.419s] -- Check for working C compiler: /usr/bin/cc - skipped
[0.419s] -- Detecting C compile features
[0.419s] -- Detecting C compile features - done
[0.422s] -- Detecting CXX compiler ABI info
[0.496s] -- Detecting CXX compiler ABI info - done
[0.501s] -- Check for working CXX compiler: /usr/bin/c++ - skipped
[0.501s] -- Detecting CXX compile features
[0.501s] -- Detecting CXX compile features - done
[0.506s] -- Found ament_cmake: 1.3.14 (/opt/ros/humble/share/ament_cmake/cmake)
[0.636s] -- Found Python3: /usr/bin/python3 (found version "3.10.12") found components: Interpreter 
[0.693s] -- Override CMake install command with custom implementation using symlinks instead of copying resources
[0.780s] -- Configuring done
[0.782s] -- Generating done
[0.784s] -- Build files have been written to: /home/gary/HW_robotics_ws/build/myplan
[0.789s] Invoked command in '/home/gary/HW_robotics_ws/build/myplan' returned '0': CMAKE_PREFIX_PATH=/home/gary/HW_robotics_ws/install/voicegpt:/home/gary/HW_robotics_ws/install/myrobot:/home/gary/HW_robotics_ws/install/my_turtle_controller:/opt/ros/humble /usr/bin/cmake /home/gary/HW_robotics_ws/src/myplan -DAMENT_CMAKE_SYMLINK_INSTALL=1 -DCMAKE_INSTALL_PREFIX=/home/gary/HW_robotics_ws/install/myplan
[0.790s] Invoking command in '/home/gary/HW_robotics_ws/build/myplan': CMAKE_PREFIX_PATH=/home/gary/HW_robotics_ws/install/voicegpt:/home/gary/HW_robotics_ws/install/myrobot:/home/gary/HW_robotics_ws/install/my_turtle_controller:/opt/ros/humble /usr/bin/cmake --build /home/gary/HW_robotics_ws/build/myplan -- -j16 -l16
[0.826s] Invoked command in '/home/gary/HW_robotics_ws/build/myplan' returned '0': CMAKE_PREFIX_PATH=/home/gary/HW_robotics_ws/install/voicegpt:/home/gary/HW_robotics_ws/install/myrobot:/home/gary/HW_robotics_ws/install/my_turtle_controller:/opt/ros/humble /usr/bin/cmake --build /home/gary/HW_robotics_ws/build/myplan -- -j16 -l16
[0.835s] Invoking command in '/home/gary/HW_robotics_ws/build/myplan': CMAKE_PREFIX_PATH=/home/gary/HW_robotics_ws/install/voicegpt:/home/gary/HW_robotics_ws/install/myrobot:/home/gary/HW_robotics_ws/install/my_turtle_controller:/opt/ros/humble /usr/bin/cmake --install /home/gary/HW_robotics_ws/build/myplan
[0.841s] -- Install configuration: ""
[0.841s] -- Execute custom install script
[0.842s] -- Symlinking: /home/gary/HW_robotics_ws/install/myplan/share/ament_index/resource_index/package_run_dependencies/myplan
[0.851s] -- Symlinking: /home/gary/HW_robotics_ws/install/myplan/share/ament_index/resource_index/parent_prefix_path/myplan
[0.860s] -- Symlinking: /home/gary/HW_robotics_ws/install/myplan/share/myplan/environment/ament_prefix_path.sh
[0.868s] -- Symlinking: /home/gary/HW_robotics_ws/install/myplan/share/myplan/environment/ament_prefix_path.dsv
[0.878s] -- Symlinking: /home/gary/HW_robotics_ws/install/myplan/share/myplan/environment/path.sh
[0.887s] -- Symlinking: /home/gary/HW_robotics_ws/install/myplan/share/myplan/environment/path.dsv
[0.897s] -- Symlinking: /home/gary/HW_robotics_ws/install/myplan/share/myplan/local_setup.bash
[0.906s] -- Symlinking: /home/gary/HW_robotics_ws/install/myplan/share/myplan/local_setup.sh
[0.914s] -- Symlinking: /home/gary/HW_robotics_ws/install/myplan/share/myplan/local_setup.zsh
[0.922s] -- Symlinking: /home/gary/HW_robotics_ws/install/myplan/share/myplan/local_setup.dsv
[0.930s] -- Symlinking: /home/gary/HW_robotics_ws/install/myplan/share/myplan/package.dsv
[0.939s] -- Symlinking: /home/gary/HW_robotics_ws/install/myplan/share/ament_index/resource_index/packages/myplan
[0.947s] -- Symlinking: /home/gary/HW_robotics_ws/install/myplan/share/myplan/cmake/myplanConfig.cmake
[0.955s] -- Symlinking: /home/gary/HW_robotics_ws/install/myplan/share/myplan/cmake/myplanConfig-version.cmake
[0.964s] -- Symlinking: /home/gary/HW_robotics_ws/install/myplan/share/myplan/package.xml
[0.972s] -- Symlinking: /home/gary/HW_robotics_ws/install/myplan/share/myplan/launch/demo.launch.py
[0.981s] -- Symlinking: /home/gary/HW_robotics_ws/install/myplan/share/myplan/launch/move_group.launch.py
[0.988s] -- Symlinking: /home/gary/HW_robotics_ws/install/myplan/share/myplan/launch/moveit_rviz.launch.py
[0.995s] -- Symlinking: /home/gary/HW_robotics_ws/install/myplan/share/myplan/launch/rsp.launch.py
[1.003s] -- Symlinking: /home/gary/HW_robotics_ws/install/myplan/share/myplan/launch/setup_assistant.launch.py
[1.011s] -- Symlinking: /home/gary/HW_robotics_ws/install/myplan/share/myplan/launch/spawn_controllers.launch.py
[1.018s] -- Symlinking: /home/gary/HW_robotics_ws/install/myplan/share/myplan/launch/static_virtual_joint_tfs.launch.py
[1.026s] -- Symlinking: /home/gary/HW_robotics_ws/install/myplan/share/myplan/launch/warehouse_db.launch.py
[1.034s] -- Symlinking: /home/gary/HW_robotics_ws/install/myplan/share/myplan/config/initial_positions.yaml
[1.040s] -- Symlinking: /home/gary/HW_robotics_ws/install/myplan/share/myplan/config/joint_limits.yaml
[1.048s] -- Symlinking: /home/gary/HW_robotics_ws/install/myplan/share/myplan/config/kinematics.yaml
[1.056s] -- Symlinking: /home/gary/HW_robotics_ws/install/myplan/share/myplan/config/moveit.rviz
[1.064s] -- Symlinking: /home/gary/HW_robotics_ws/install/myplan/share/myplan/config/moveit_controllers.yaml
[1.072s] -- Symlinking: /home/gary/HW_robotics_ws/install/myplan/share/myplan/config/pilz_cartesian_limits.yaml
[1.079s] -- Symlinking: /home/gary/HW_robotics_ws/install/myplan/share/myplan/config/robotarm.ros2_control.xacro
[1.088s] -- Symlinking: /home/gary/HW_robotics_ws/install/myplan/share/myplan/config/robotarm.srdf
[1.097s] -- Symlinking: /home/gary/HW_robotics_ws/install/myplan/share/myplan/config/robotarm.urdf.xacro
[1.105s] -- Symlinking: /home/gary/HW_robotics_ws/install/myplan/share/myplan/config/ros2_controllers.yaml
[1.113s] -- Symlinking: /home/gary/HW_robotics_ws/install/myplan/share/myplan/.setup_assistant
[1.123s] Invoked command in '/home/gary/HW_robotics_ws/build/myplan' returned '0': CMAKE_PREFIX_PATH=/home/gary/HW_robotics_ws/install/voicegpt:/home/gary/HW_robotics_ws/install/myrobot:/home/gary/HW_robotics_ws/install/my_turtle_controller:/opt/ros/humble /usr/bin/cmake --install /home/gary/HW_robotics_ws/build/myplan
